Archive member included to satisfy reference by file (symbol)

/usr/lib/gcc/arm-none-eabi/10.3.1/../../../arm-none-eabi/lib/thumb/v7-m/nofp/libm.a(lib_a-s_ceil.o)
                              /home/kilian/github/campusiot/RIOT-wyres/tests/driver_sx127x/bin/wyres-base/sx127x/sx127x_getset.o (ceil)
/usr/lib/gcc/arm-none-eabi/10.3.1/../../../arm-none-eabi/lib/thumb/v7-m/nofp/libm.a(lib_a-s_floor.o)
                              /home/kilian/github/campusiot/RIOT-wyres/tests/driver_sx127x/bin/wyres-base/sx127x/sx127x_getset.o (floor)
/usr/lib/gcc/arm-none-eabi/10.3.1/thumb/v7-m/nofp/libgcc.a(_arm_muldf3.o)
                              /home/kilian/github/campusiot/RIOT-wyres/tests/driver_sx127x/bin/wyres-base/sx127x/sx127x_getset.o (__aeabi_dmul)
/usr/lib/gcc/arm-none-eabi/10.3.1/thumb/v7-m/nofp/libgcc.a(_arm_mulsf3.o)
                              /home/kilian/github/campusiot/RIOT-wyres/tests/driver_sx127x/bin/wyres-base/fmt/fmt.o (__aeabi_fmul)
/usr/lib/gcc/arm-none-eabi/10.3.1/thumb/v7-m/nofp/libgcc.a(_arm_addsubdf3.o)
                              /home/kilian/github/campusiot/RIOT-wyres/tests/driver_sx127x/bin/wyres-base/sx127x/sx127x_getset.o (__aeabi_dadd)
/usr/lib/gcc/arm-none-eabi/10.3.1/thumb/v7-m/nofp/libgcc.a(_arm_muldivdf3.o)
                              /home/kilian/github/campusiot/RIOT-wyres/tests/driver_sx127x/bin/wyres-base/sx127x/sx127x_getset.o (__aeabi_ddiv)
/usr/lib/gcc/arm-none-eabi/10.3.1/thumb/v7-m/nofp/libgcc.a(_arm_cmpdf2.o)
                              /home/kilian/github/campusiot/RIOT-wyres/tests/driver_sx127x/bin/wyres-base/sx127x/sx127x_getset.o (__aeabi_dcmpgt)
/usr/lib/gcc/arm-none-eabi/10.3.1/thumb/v7-m/nofp/libgcc.a(_arm_fixunsdfsi.o)
                              /home/kilian/github/campusiot/RIOT-wyres/tests/driver_sx127x/bin/wyres-base/sx127x/sx127x_getset.o (__aeabi_d2uiz)
/usr/lib/gcc/arm-none-eabi/10.3.1/thumb/v7-m/nofp/libgcc.a(_arm_addsubsf3.o)
                              /home/kilian/github/campusiot/RIOT-wyres/tests/driver_sx127x/bin/wyres-base/fmt/fmt.o (__aeabi_fsub)
/usr/lib/gcc/arm-none-eabi/10.3.1/thumb/v7-m/nofp/libgcc.a(_arm_cmpsf2.o)
                              /home/kilian/github/campusiot/RIOT-wyres/tests/driver_sx127x/bin/wyres-base/fmt/fmt.o (__aeabi_fcmplt)
/usr/lib/gcc/arm-none-eabi/10.3.1/thumb/v7-m/nofp/libgcc.a(_arm_fixunssfsi.o)
                              /home/kilian/github/campusiot/RIOT-wyres/tests/driver_sx127x/bin/wyres-base/fmt/fmt.o (__aeabi_f2uiz)
/usr/lib/gcc/arm-none-eabi/10.3.1/thumb/v7-m/nofp/libgcc.a(_aeabi_ldivmod.o)
                              /home/kilian/github/campusiot/RIOT-wyres/tests/driver_sx127x/bin/wyres-base/sx127x/sx127x_getset.o (__aeabi_ldivmod)
/usr/lib/gcc/arm-none-eabi/10.3.1/thumb/v7-m/nofp/libgcc.a(_aeabi_uldivmod.o)
                              /home/kilian/github/campusiot/RIOT-wyres/tests/driver_sx127x/bin/wyres-base/sx127x/sx127x_getset.o (__aeabi_uldivmod)
/usr/lib/gcc/arm-none-eabi/10.3.1/thumb/v7-m/nofp/libgcc.a(_udivmoddi4.o)
                              /usr/lib/gcc/arm-none-eabi/10.3.1/thumb/v7-m/nofp/libgcc.a(_aeabi_ldivmod.o) (__udivmoddi4)
/usr/lib/gcc/arm-none-eabi/10.3.1/thumb/v7-m/nofp/libgcc.a(_dvmd_tls.o)
                              /usr/lib/gcc/arm-none-eabi/10.3.1/thumb/v7-m/nofp/libgcc.a(_aeabi_ldivmod.o) (__aeabi_ldiv0)
/usr/lib/gcc/arm-none-eabi/10.3.1/../../../arm-none-eabi/lib/thumb/v7-m/nofp/libc_nano.a(lib_a-atoi.o)
                              /home/kilian/github/campusiot/RIOT-wyres/tests/driver_sx127x/bin/wyres-base/application_test-driver-sx127x/main.o (atoi)
/usr/lib/gcc/arm-none-eabi/10.3.1/../../../arm-none-eabi/lib/thumb/v7-m/nofp/libc_nano.a(lib_a-errno.o)
                              /home/kilian/github/campusiot/RIOT-wyres/tests/driver_sx127x/bin/wyres-base/newlib_syscalls_default/syscalls.o (__errno)
/usr/lib/gcc/arm-none-eabi/10.3.1/../../../arm-none-eabi/lib/thumb/v7-m/nofp/libc_nano.a(lib_a-fflush.o)
                              /home/kilian/github/campusiot/RIOT-wyres/tests/driver_sx127x/bin/wyres-base/fmt/fmt.o (fflush)
/usr/lib/gcc/arm-none-eabi/10.3.1/../../../arm-none-eabi/lib/thumb/v7-m/nofp/libc_nano.a(lib_a-findfp.o)
                              /usr/lib/gcc/arm-none-eabi/10.3.1/../../../arm-none-eabi/lib/thumb/v7-m/nofp/libc_nano.a(lib_a-fflush.o) (__sinit)
/usr/lib/gcc/arm-none-eabi/10.3.1/../../../arm-none-eabi/lib/thumb/v7-m/nofp/libc_nano.a(lib_a-fwalk.o)
                              /usr/lib/gcc/arm-none-eabi/10.3.1/../../../arm-none-eabi/lib/thumb/v7-m/nofp/libc_nano.a(lib_a-findfp.o) (_fwalk)
/usr/lib/gcc/arm-none-eabi/10.3.1/../../../arm-none-eabi/lib/thumb/v7-m/nofp/libc_nano.a(lib_a-getchar.o)
                              /home/kilian/github/campusiot/RIOT-wyres/tests/driver_sx127x/bin/wyres-base/shell/shell.o (getchar)
/usr/lib/gcc/arm-none-eabi/10.3.1/../../../arm-none-eabi/lib/thumb/v7-m/nofp/libc_nano.a(lib_a-impure.o)
[...]
Memory Configuration

Name             Origin             Length             Attributes
ccmram           0x0000000010000000 0x0000000000000000
sram4            0x0000000000000000 0x0000000000000000
fmcram           0x0000000000000000 0x0000000000000000
rom              0x0000000008000000 0x0000000000040000 xr
ram              0x0000000020000000 0x0000000000008000 w !xr
bkup_ram         0x0000000000000000 0x0000000000000000 w !xr
rom_aux          0x0000000008040000 0x0000000000000000 xr
*default*        0x0000000000000000 0xffffffffffffffff

Linker script and memory map

LOAD /home/kilian/github/campusiot/RIOT-wyres/tests/driver_sx127x/bin/wyres-base/application_test-driver-sx127x/main.o
LOAD /home/kilian/github/campusiot/RIOT-wyres/tests/driver_sx127x/bin/wyres-base/auto_init/auto_init.o
LOAD /home/kilian/github/campusiot/RIOT-wyres/tests/driver_sx127x/bin/wyres-base/board/board.o
LOAD /home/kilian/github/campusiot/RIOT-wyres/tests/driver_sx127x/bin/wyres-base/board_common_init/board_common.o
LOAD /home/kilian/github/campusiot/RIOT-wyres/tests/driver_sx127x/bin/wyres-base/core/cond.o
LOAD /home/kilian/github/campusiot/RIOT-wyres/tests/driver_sx127x/bin/wyres-base/core_lib/assert.o
LOAD /home/kilian/github/campusiot/RIOT-wyres/tests/driver_sx127x/bin/wyres-base/core_lib/atomic_c11.o
LOAD /home/kilian/github/campusiot/RIOT-wyres/tests/driver_sx127x/bin/wyres-base/core_lib/atomic_sync.o
LOAD /home/kilian/github/campusiot/RIOT-wyres/tests/driver_sx127x/bin/wyres-base/core_lib/bitarithm.o
LOAD /home/kilian/github/campusiot/RIOT-wyres/tests/driver_sx127x/bin/wyres-base/core_lib/clist.o
LOAD /home/kilian/github/campusiot/RIOT-wyres/tests/driver_sx127x/bin/wyres-base/core_lib/init.o
LOAD /home/kilian/github/campusiot/RIOT-wyres/tests/driver_sx127x/bin/wyres-base/core_lib/panic.o
LOAD /home/kilian/github/campusiot/RIOT-wyres/tests/driver_sx127x/bin/wyres-base/core_lib/priority_queue.o
LOAD /home/kilian/github/campusiot/RIOT-wyres/tests/driver_sx127x/bin/wyres-base/core_lib/ringbuffer.o
LOAD /home/kilian/github/campusiot/RIOT-wyres/tests/driver_sx127x/bin/wyres-base/core_lib/rmutex.o
LOAD /home/kilian/github/campusiot/RIOT-wyres/tests/driver_sx127x/bin/wyres-base/core/msg.o
LOAD /home/kilian/github/campusiot/RIOT-wyres/tests/driver_sx127x/bin/wyres-base/core/mutex.o
LOAD /home/kilian/github/campusiot/RIOT-wyres/tests/driver_sx127x/bin/wyres-base/core/sched.o
LOAD /home/kilian/github/campusiot/RIOT-wyres/tests/driver_sx127x/bin/wyres-base/core/thread.o
LOAD /home/kilian/github/campusiot/RIOT-wyres/tests/driver_sx127x/bin/wyres-base/cortexm_common/cortexm_init.o
LOAD /home/kilian/github/campusiot/RIOT-wyres/tests/driver_sx127x/bin/wyres-base/cortexm_common/mpu.o
LOAD /home/kilian/github/campusiot/RIOT-wyres/tests/driver_sx127x/bin/wyres-base/cortexm_common/panic.o
LOAD /home/kilian/github/campusiot/RIOT-wyres/tests/driver_sx127x/bin/wyres-base/cortexm_common_periph/pm.o
LOAD /home/kilian/github/campusiot/RIOT-wyres/tests/driver_sx127x/bin/wyres-base/cortexm_common/thread_arch.o
LOAD /home/kilian/github/campusiot/RIOT-wyres/tests/driver_sx127x/bin/wyres-base/cortexm_common/vectors_cortexm.o
LOAD /home/kilian/github/campusiot/RIOT-wyres/tests/driver_sx127x/bin/wyres-base/cpu/cpu_common.o
LOAD /home/kilian/github/campusiot/RIOT-wyres/tests/driver_sx127x/bin/wyres-base/cpu/cpu_init.o
LOAD /home/kilian/github/campusiot/RIOT-wyres/tests/driver_sx127x/bin/wyres-base/div/div.o
LOAD /home/kilian/github/campusiot/RIOT-wyres/tests/driver_sx127x/bin/wyres-base/fmt/fmt.o
LOAD /home/kilian/github/campusiot/RIOT-wyres/tests/driver_sx127x/bin/wyres-base/frac/frac.o
LOAD /home/kilian/github/campusiot/RIOT-wyres/tests/driver_sx127x/bin/wyres-base/iolist/iolist.o
LOAD /home/kilian/github/campusiot/RIOT-wyres/tests/driver_sx127x/bin/wyres-base/isrpipe/isrpipe.o
LOAD /home/kilian/github/campusiot/RIOT-wyres/tests/driver_sx127x/bin/wyres-base/libc/string.o
LOAD /home/kilian/github/campusiot/RIOT-wyres/tests/driver_sx127x/bin/wyres-base/malloc_thread_safe/malloc_wrappers.o
LOAD /home/kilian/github/campusiot/RIOT-wyres/tests/driver_sx127x/bin/wyres-base/mpaland-printf/printf.o
LOAD /home/kilian/github/campusiot/RIOT-wyres/tests/driver_sx127x/bin/wyres-base/newlib_syscalls_default/syscalls.o
LOAD /home/kilian/github/campusiot/RIOT-wyres/tests/driver_sx127x/bin/wyres-base/od/od.o
LOAD /home/kilian/github/campusiot/RIOT-wyres/tests/driver_sx127x/bin/wyres-base/periph_common/gpio.o
LOAD /home/kilian/github/campusiot/RIOT-wyres/tests/driver_sx127x/bin/wyres-base/periph_common/init_buttons.o
LOAD /home/kilian/github/campusiot/RIOT-wyres/tests/driver_sx127x/bin/wyres-base/periph_common/init_leds.o
LOAD /home/kilian/github/campusiot/RIOT-wyres/tests/driver_sx127x/bin/wyres-base/periph_common/init.o
LOAD /home/kilian/github/campusiot/RIOT-wyres/tests/driver_sx127x/bin/wyres-base/periph_common/pm.o
LOAD /home/kilian/github/campusiot/RIOT-wyres/tests/driver_sx127x/bin/wyres-base/periph_common/spi.o
LOAD /home/kilian/github/campusiot/RIOT-wyres/tests/driver_sx127x/bin/wyres-base/periph_common/timer.o
LOAD /home/kilian/github/campusiot/RIOT-wyres/tests/driver_sx127x/bin/wyres-base/periph/gpio_all.o
LOAD /home/kilian/github/campusiot/RIOT-wyres/tests/driver_sx127x/bin/wyres-base/periph/pm.o
LOAD /home/kilian/github/campusiot/RIOT-wyres/tests/driver_sx127x/bin/wyres-base/periph/spi.o
LOAD /home/kilian/github/campusiot/RIOT-wyres/tests/driver_sx127x/bin/wyres-base/periph/timer.o
LOAD /home/kilian/github/campusiot/RIOT-wyres/tests/driver_sx127x/bin/wyres-base/periph/uart.o
LOAD /home/kilian/github/campusiot/RIOT-wyres/tests/driver_sx127x/bin/wyres-base/pm_layered/pm.o
LOAD /home/kilian/github/campusiot/RIOT-wyres/tests/driver_sx127x/bin/wyres-base/ps/ps.o
LOAD /home/kilian/github/campusiot/RIOT-wyres/tests/driver_sx127x/bin/wyres-base/shell_cmds/pm.o
LOAD /home/kilian/github/campusiot/RIOT-wyres/tests/driver_sx127x/bin/wyres-base/shell_cmds/ps.o
LOAD /home/kilian/github/campusiot/RIOT-wyres/tests/driver_sx127x/bin/wyres-base/shell_cmds/sys.o
LOAD /home/kilian/github/campusiot/RIOT-wyres/tests/driver_sx127x/bin/wyres-base/shell/shell.o
LOAD /home/kilian/github/campusiot/RIOT-wyres/tests/driver_sx127x/bin/wyres-base/stdio/stdio.o
LOAD /home/kilian/github/campusiot/RIOT-wyres/tests/driver_sx127x/bin/wyres-base/stdio_uart/stdio_uart.o
LOAD /home/kilian/github/campusiot/RIOT-wyres/tests/driver_sx127x/bin/wyres-base/stm32_clk/stmclk_common.o
LOAD /home/kilian/github/campusiot/RIOT-wyres/tests/driver_sx127x/bin/wyres-base/stm32_clk/stmclk_l0l1.o
LOAD /home/kilian/github/campusiot/RIOT-wyres/tests/driver_sx127x/bin/wyres-base/stm32_vectors/STM32L151xC.o
LOAD /home/kilian/github/campusiot/RIOT-wyres/tests/driver_sx127x/bin/wyres-base/sx127x/sx127x_getset.o
LOAD /home/kilian/github/campusiot/RIOT-wyres/tests/driver_sx127x/bin/wyres-base/sx127x/sx127x_internal.o
LOAD /home/kilian/github/campusiot/RIOT-wyres/tests/driver_sx127x/bin/wyres-base/sx127x/sx127x_netdev.o
LOAD /home/kilian/github/campusiot/RIOT-wyres/tests/driver_sx127x/bin/wyres-base/sx127x/sx127x.o
LOAD /home/kilian/github/campusiot/RIOT-wyres/tests/driver_sx127x/bin/wyres-base/tsrb/tsrb.o
LOAD /home/kilian/github/campusiot/RIOT-wyres/tests/driver_sx127x/bin/wyres-base/ztimer_core/convert_frac.o
LOAD /home/kilian/github/campusiot/RIOT-wyres/tests/driver_sx127x/bin/wyres-base/ztimer_core/convert.o
LOAD /home/kilian/github/campusiot/RIOT-wyres/tests/driver_sx127x/bin/wyres-base/ztimer_core/convert_shift.o
LOAD /home/kilian/github/campusiot/RIOT-wyres/tests/driver_sx127x/bin/wyres-base/ztimer_core/core.o
LOAD /home/kilian/github/campusiot/RIOT-wyres/tests/driver_sx127x/bin/wyres-base/ztimer_core/init.o
LOAD /home/kilian/github/campusiot/RIOT-wyres/tests/driver_sx127x/bin/wyres-base/ztimer_core/periodic.o
LOAD /home/kilian/github/campusiot/RIOT-wyres/tests/driver_sx127x/bin/wyres-base/ztimer_core/periph_timer.o
LOAD /home/kilian/github/campusiot/RIOT-wyres/tests/driver_sx127x/bin/wyres-base/ztimer_core/util.o
LOAD /usr/lib/gcc/arm-none-eabi/10.3.1/../../../arm-none-eabi/lib/thumb/v7-m/nofp/libm.a
LOAD /usr/lib/gcc/arm-none-eabi/10.3.1/thumb/v7-m/nofp/libgcc.a
                0x0000000008000000                _rom_start_addr = 0x8000000
                0x0000000020000000                _ram_start_addr = 0x20000000
                0x0000000000040000                _rom_length = 0x40000
                0x0000000000008000                _ram_length = 0x8000
LOAD /usr/lib/gcc/arm-none-eabi/10.3.1/../../../arm-none-eabi/lib/thumb/v7-m/nofp/libc_nano.a
                0x0000000000040000                _slot_aux_offset = 0x40000
                0x0000000000000000                _slot_aux_len = 0x0
START GROUP
LOAD /usr/lib/gcc/arm-none-eabi/10.3.1/thumb/v7-m/nofp/libgcc.a
LOAD /usr/lib/gcc/arm-none-eabi/10.3.1/../../../arm-none-eabi/lib/thumb/v7-m/nofp/libc_nano.a
END GROUP
START GROUP
LOAD /usr/lib/gcc/arm-none-eabi/10.3.1/thumb/v7-m/nofp/libgcc.a
LOAD /usr/lib/gcc/arm-none-eabi/10.3.1/../../../arm-none-eabi/lib/thumb/v7-m/nofp/libc_nano.a
END GROUP
                0x0000000000000000                ccmram_length = DEFINED (_ccmram_length)?_ccmram_length:0x0
                0x0000000000000000                sram4_addr = DEFINED (_sram4_length)?0x28000000:0x0
                0x0000000000000000                sram4_length = DEFINED (_sram4_length)?_sram4_length:0x0
                0x0000000000000000                fmc_ram_addr = DEFINED (_fmc_ram_addr)?_fmc_ram_addr:0x0
                0x0000000000000000                fmc_ram_length = DEFINED (_fmc_ram_length)?_fmc_ram_length:0x0

.heap2          0x0000000000000000        0x0
                0x0000000000000000                _sheap2 = ORIGIN (sram4)
                0x0000000000000000                _eheap2 = (ORIGIN (sram4) + LENGTH (sram4))

.heap4          0x0000000000000000        0x0
                0x0000000000000000                _sheap3 = ORIGIN (fmcram)
                0x0000000000000000                _eheap3 = (ORIGIN (fmcram) + LENGTH (fmcram))
                0x0000000000000000                _rom_offset = DEFINED (_rom_offset)?_rom_offset:0x0
                0x0000000000000000                _slot_aux_len = DEFINED (_slot_aux_len)?_slot_aux_len:0x0
                0x0000000000040000                _fw_rom_length = DEFINED (_fw_rom_length)?_fw_rom_length:((_rom_length - _rom_offset) - _slot_aux_len)
                0x0000000000000001                ASSERT ((_fw_rom_length <= ((_rom_length - _rom_offset) - _slot_aux_len)), Specified firmware size does not fit in ROM)
                0x0000000000000001                ASSERT ((_fw_rom_length <= _rom_length), Specified firmware size does not fit in ROM)
                0x0000000000000000                _backup_ram_start_addr = DEFINED (_backup_ram_start_addr)?_backup_ram_start_addr:0x0
                0x0000000000000000                _backup_ram_len = DEFINED (_backup_ram_len)?_backup_ram_len:0x0

.text           0x0000000008000000     0x6e38
                0x0000000008000000                . = ALIGN (0x4)
                0x0000000008000000                _sfixed = .
                0x0000000008000000                _isr_vectors = DEFINED (_isr_vectors)?_isr_vectors:.
 *(SORT_BY_NAME(.vectors*))
 .vectors.0     0x0000000008000000       0x40 /home/kilian/github/campusiot/RIOT-wyres/tests/driver_sx127x/bin/wyres-base/cortexm_common/vectors_cortexm.o
                0x0000000008000000                cortex_vector_base
 .vectors.1     0x0000000008000040       0xe4 /home/kilian/github/campusiot/RIOT-wyres/tests/driver_sx127x/bin/wyres-base/stm32_vectors/STM32L151xC.o
                0x0000000008000040                vector_cpu
 *(SORT_BY_NAME(.picobin_block*))
 *(.text .text.* .gnu.linkonce.t.*)
 .text.reset_cmd
                0x0000000008000124       0x2c /home/kilian/github/campusiot/RIOT-wyres/tests/driver_sx127x/bin/wyres-base/application_test-driver-sx127x/main.o
                0x0000000008000124                reset_cmd
 .text.lora_setup_cmd
                0x0000000008000150       0xdc /home/kilian/github/campusiot/RIOT-wyres/tests/driver_sx127x/bin/wyres-base/application_test-driver-sx127x/main.o
                0x0000000008000150                lora_setup_cmd
 .text.random_cmd
                0x000000000800022c       0x30 /home/kilian/github/campusiot/RIOT-wyres/tests/driver_sx127x/bin/wyres-base/application_test-driver-sx127x/main.o
                0x000000000800022c                random_cmd
 .text.rx_timeout_cmd
                0x000000000800025c       0x70 /home/kilian/github/campusiot/RIOT-wyres/tests/driver_sx127x/bin/wyres-base/application_test-driver-sx127x/main.o
                0x000000000800025c                rx_timeout_cmd
 .text.register_cmd
                0x00000000080002cc      0x1b0 /home/kilian/github/campusiot/RIOT-wyres/tests/driver_sx127x/bin/wyres-base/application_test-driver-sx127x/main.o
                0x00000000080002cc                register_cmd
 .text.send_cmd
                0x000000000800047c       0xb0 /home/kilian/github/campusiot/RIOT-wyres/tests/driver_sx127x/bin/wyres-base/application_test-driver-sx127x/main.o
                0x000000000800047c                send_cmd
 .text.listen_cmd
                0x000000000800052c       0x58 /home/kilian/github/campusiot/RIOT-wyres/tests/driver_sx127x/bin/wyres-base/application_test-driver-sx127x/main.o
                0x000000000800052c                listen_cmd
 .text.channel_cmd
                0x0000000008000584       0x94 /home/kilian/github/campusiot/RIOT-wyres/tests/driver_sx127x/bin/wyres-base/application_test-driver-sx127x/main.o
                0x0000000008000584                channel_cmd
 .text.syncword_cmd
                0x0000000008000618       0x9c /home/kilian/github/campusiot/RIOT-wyres/tests/driver_sx127x/bin/wyres-base/application_test-driver-sx127x/main.o
                0x0000000008000618                syncword_cmd
 .text._recv_thread
                0x00000000080006b4       0x38 /home/kilian/github/campusiot/RIOT-wyres/tests/driver_sx127x/bin/wyres-base/application_test-driver-sx127x/main.o
                0x00000000080006b4                _recv_thread
 .text.payload_cmd
                0x00000000080006ec       0x5c /home/kilian/github/campusiot/RIOT-wyres/tests/driver_sx127x/bin/wyres-base/application_test-driver-sx127x/main.o
                0x00000000080006ec                payload_cmd
 .text._event_cb.part.0
                0x0000000008000748       0xd4 /home/kilian/github/campusiot/RIOT-wyres/tests/driver_sx127x/bin/wyres-base/application_test-driver-sx127x/main.o
 .text._event_cb
                0x000000000800081c       0x3c /home/kilian/github/campusiot/RIOT-wyres/tests/driver_sx127x/bin/wyres-base/application_test-driver-sx127x/main.o
 .text._set_opt.constprop.0
                0x0000000008000858       0x48 /home/kilian/github/campusiot/RIOT-wyres/tests/driver_sx127x/bin/wyres-base/application_test-driver-sx127x/main.o
 .text.implicit_cmd
                0x00000000080008a0       0x44 /home/kilian/github/campusiot/RIOT-wyres/tests/driver_sx127x/bin/wyres-base/application_test-driver-sx127x/main.o
                0x00000000080008a0                implicit_cmd
 .text.crc_cmd  0x00000000080008e4       0x44 /home/kilian/github/campusiot/RIOT-wyres/tests/driver_sx127x/bin/wyres-base/application_test-driver-sx127x/main.o
                0x00000000080008e4                crc_cmd
 .text.init_sx1272_cmd
                0x0000000008000928      0x110 /home/kilian/github/campusiot/RIOT-wyres/tests/driver_sx127x/bin/wyres-base/application_test-driver-sx127x/main.o
                0x0000000008000928                init_sx1272_cmd
 .text.startup.main
                0x0000000008000a38       0x20 /home/kilian/github/campusiot/RIOT-wyres/tests/driver_sx127x/bin/wyres-base/application_test-driver-sx127x/main.o
                0x0000000008000a38                main
 .text.auto_init
                0x0000000008000a58       0x24 /home/kilian/github/campusiot/RIOT-wyres/tests/driver_sx127x/bin/wyres-base/auto_init/auto_init.o
                0x0000000008000a58                auto_init
 .text.board_init
                0x0000000008000a7c       0x60 /home/kilian/github/campusiot/RIOT-wyres/tests/driver_sx127x/bin/wyres-base/board/board.o
                0x0000000008000a7c                board_init
 .text.main_trampoline
                0x0000000008000adc       0x18 /home/kilian/github/campusiot/RIOT-wyres/tests/driver_sx127x/bin/wyres-base/core_lib/init.o
 .text.kernel_init
                0x0000000008000af4       0x34 /home/kilian/github/campusiot/RIOT-wyres/tests/driver_sx127x/bin/wyres-base/core_lib/init.o
                0x0000000008000af4                kernel_init
 .text.early_init
                0x0000000008000b28        0xe /home/kilian/github/campusiot/RIOT-wyres/tests/driver_sx127x/bin/wyres-base/core_lib/init.o
                0x0000000008000b28                early_init
 .text.panic_app
                0x0000000008000b36        0x2 /home/kilian/github/campusiot/RIOT-wyres/tests/driver_sx127x/bin/wyres-base/core_lib/panic.o
                0x0000000008000b36                panic_app
 .text.core_panic
                0x0000000008000b38       0x3c /home/kilian/github/campusiot/RIOT-wyres/tests/driver_sx127x/bin/wyres-base/core_lib/panic.o
                0x0000000008000b38                core_panic
 .text._msg_receive
                0x0000000008000b74       0xd4 /home/kilian/github/campusiot/RIOT-wyres/tests/driver_sx127x/bin/wyres-base/core/msg.o
 .text.queue_msg
                0x0000000008000c48       0x2a /home/kilian/github/campusiot/RIOT-wyres/tests/driver_sx127x/bin/wyres-base/core/msg.o
 *fill*         0x0000000008000c72        0x2 
 .text._msg_send_oneway
                0x0000000008000c74       0x44 /home/kilian/github/campusiot/RIOT-wyres/tests/driver_sx127x/bin/wyres-base/core/msg.o
 .text._msg_send
                0x0000000008000cb8       0xa4 /home/kilian/github/campusiot/RIOT-wyres/tests/driver_sx127x/bin/wyres-base/core/msg.o
 .text.msg_send_to_self
                0x0000000008000d5c       0x28 /home/kilian/github/campusiot/RIOT-wyres/tests/driver_sx127x/bin/wyres-base/core/msg.o
                0x0000000008000d5c                msg_send_to_self
 .text.msg_send_int
                0x0000000008000d84        0x8 /home/kilian/github/campusiot/RIOT-wyres/tests/driver_sx127x/bin/wyres-base/core/msg.o
                0x0000000008000d84                msg_send_int
 .text.msg_send
                0x0000000008000d8c       0x2c /home/kilian/github/campusiot/RIOT-wyres/tests/driver_sx127x/bin/wyres-base/core/msg.o
                0x0000000008000d8c                msg_send
 .text.msg_receive
                0x0000000008000db8        0x6 /home/kilian/github/campusiot/RIOT-wyres/tests/driver_sx127x/bin/wyres-base/core/msg.o
                0x0000000008000db8                msg_receive
 *fill*         0x0000000008000dbe        0x2 
 .text.msg_init_queue
                0x0000000008000dc0       0x18 /home/kilian/github/campusiot/RIOT-wyres/tests/driver_sx127x/bin/wyres-base/core/msg.o
                0x0000000008000dc0                msg_init_queue
 .text.mutex_lock_internal
                0x0000000008000dd8       0x68 /home/kilian/github/campusiot/RIOT-wyres/tests/driver_sx127x/bin/wyres-base/core/mutex.o
                0x0000000008000dd8                mutex_lock_internal
 .text.mutex_unlock
                0x0000000008000e40       0x4c /home/kilian/github/campusiot/RIOT-wyres/tests/driver_sx127x/bin/wyres-base/core/mutex.o
                0x0000000008000e40                mutex_unlock
 .text.clist_remove.isra.0
                0x0000000008000e8c       0x3c /home/kilian/github/campusiot/RIOT-wyres/tests/driver_sx127x/bin/wyres-base/core/sched.o
 .text.sched_run
                0x0000000008000ec8       0x74 /home/kilian/github/campusiot/RIOT-wyres/tests/driver_sx127x/bin/wyres-base/core/sched.o
                0x0000000008000ec8                sched_run
 .text.sched_set_status
                0x0000000008000f3c       0x7c /home/kilian/github/campusiot/RIOT-wyres/tests/driver_sx127x/bin/wyres-base/core/sched.o
                0x0000000008000f3c                sched_set_status
 .text.sched_switch
                0x0000000008000fb8       0x3c /home/kilian/github/campusiot/RIOT-wyres/tests/driver_sx127x/bin/wyres-base/core/sched.o
                0x0000000008000fb8                sched_switch
 .text.sched_task_exit
                0x0000000008000ff4       0x40 /home/kilian/github/campusiot/RIOT-wyres/tests/driver_sx127x/bin/wyres-base/core/sched.o
                0x0000000008000ff4                sched_task_exit
 .text.thread_add_to_list
                0x0000000008001034       0x1c /home/kilian/github/campusiot/RIOT-wyres/tests/driver_sx127x/bin/wyres-base/core/thread.o
                0x0000000008001034                thread_add_to_list
 .text.thread_create
                0x0000000008001050       0xbc /home/kilian/github/campusiot/RIOT-wyres/tests/driver_sx127x/bin/wyres-base/core/thread.o
                0x0000000008001050                thread_create
 .text.thread_state_to_string
                0x000000000800110c       0x20 /home/kilian/github/campusiot/RIOT-wyres/tests/driver_sx127x/bin/wyres-base/core/thread.o
                0x000000000800110c                thread_state_to_string
 .text.cortexm_init
                0x000000000800112c       0x40 /home/kilian/github/campusiot/RIOT-wyres/tests/driver_sx127x/bin/wyres-base/cortexm_common/cortexm_init.o
                0x000000000800112c                cortexm_init
 .text.panic_arch
                0x000000000800116c        0x2 /home/kilian/github/campusiot/RIOT-wyres/tests/driver_sx127x/bin/wyres-base/cortexm_common/panic.o
                0x000000000800116c                panic_arch
 *fill*         0x000000000800116e        0x2 
 .text.pm_reboot
                0x0000000008001170       0x24 /home/kilian/github/campusiot/RIOT-wyres/tests/driver_sx127x/bin/wyres-base/cortexm_common_periph/pm.o
                0x0000000008001170                pm_reboot
 .text.thread_stack_init
                0x0000000008001194       0x68 /home/kilian/github/campusiot/RIOT-wyres/tests/driver_sx127x/bin/wyres-base/cortexm_common/thread_arch.o
                0x0000000008001194                thread_stack_init
 .text.cpu_switch_context_exit
                0x00000000080011fc       0x18 /home/kilian/github/campusiot/RIOT-wyres/tests/driver_sx127x/bin/wyres-base/cortexm_common/thread_arch.o
                0x00000000080011fc                cpu_switch_context_exit
 .text.isr_pendsv
                0x0000000008001214       0x38 /home/kilian/github/campusiot/RIOT-wyres/tests/driver_sx127x/bin/wyres-base/cortexm_common/thread_arch.o
                0x0000000008001214                isr_pendsv
 .text.isr_svc  0x000000000800124c       0x10 /home/kilian/github/campusiot/RIOT-wyres/tests/driver_sx127x/bin/wyres-base/cortexm_common/thread_arch.o
                0x000000000800124c                isr_svc
 .text.sched_arch_idle
                0x000000000800125c       0x10 /home/kilian/github/campusiot/RIOT-wyres/tests/driver_sx127x/bin/wyres-base/cortexm_common/thread_arch.o
                0x000000000800125c                sched_arch_idle
 .text.nmi_handler
                0x000000000800126c       0x10 /home/kilian/github/campusiot/RIOT-wyres/tests/driver_sx127x/bin/wyres-base/cortexm_common/vectors_cortexm.o
                0x000000000800126c                nmi_handler
 .text.hard_fault_default
                0x000000000800127c       0x10 /home/kilian/github/campusiot/RIOT-wyres/tests/driver_sx127x/bin/wyres-base/cortexm_common/vectors_cortexm.o
                0x000000000800127c                hard_fault_default
 .text.mem_manage_default
                0x000000000800128c       0x10 /home/kilian/github/campusiot/RIOT-wyres/tests/driver_sx127x/bin/wyres-base/cortexm_common/vectors_cortexm.o
                0x000000000800128c                mem_manage_default
 .text.bus_fault_default
                0x000000000800129c       0x10 /home/kilian/github/campusiot/RIOT-wyres/tests/driver_sx127x/bin/wyres-base/cortexm_common/vectors_cortexm.o
                0x000000000800129c                bus_fault_default
 .text.usage_fault_default
                0x00000000080012ac       0x10 /home/kilian/github/campusiot/RIOT-wyres/tests/driver_sx127x/bin/wyres-base/cortexm_common/vectors_cortexm.o
                0x00000000080012ac                usage_fault_default
 .text.debug_mon_default
                0x00000000080012bc       0x10 /home/kilian/github/campusiot/RIOT-wyres/tests/driver_sx127x/bin/wyres-base/cortexm_common/vectors_cortexm.o
                0x00000000080012bc                debug_mon_default
 .text.dummy_handler_default
                0x00000000080012cc       0x10 /home/kilian/github/campusiot/RIOT-wyres/tests/driver_sx127x/bin/wyres-base/cortexm_common/vectors_cortexm.o
                0x00000000080012cc                dummy_handler_default
                0x00000000080012cc                isr_systick
 .text.pre_startup
                0x00000000080012dc        0x2 /home/kilian/github/campusiot/RIOT-wyres/tests/driver_sx127x/bin/wyres-base/cortexm_common/vectors_cortexm.o
                0x00000000080012dc                pre_startup
 .text.post_startup
                0x00000000080012de        0x2 /home/kilian/github/campusiot/RIOT-wyres/tests/driver_sx127x/bin/wyres-base/cortexm_common/vectors_cortexm.o
                0x00000000080012de                post_startup
 .text.reset_handler_default
                0x00000000080012e0       0x68 /home/kilian/github/campusiot/RIOT-wyres/tests/driver_sx127x/bin/wyres-base/cortexm_common/vectors_cortexm.o
                0x00000000080012e0                reset_handler_default
 .text.periph_apb_clk
                0x0000000008001348        0x8 /home/kilian/github/campusiot/RIOT-wyres/tests/driver_sx127x/bin/wyres-base/cpu/cpu_common.o
                0x0000000008001348                periph_apb_clk
 .text.periph_timer_clk
                0x0000000008001350       0x14 /home/kilian/github/campusiot/RIOT-wyres/tests/driver_sx127x/bin/wyres-base/cpu/cpu_common.o
                0x0000000008001350                periph_timer_clk
 .text.periph_clk_en
                0x0000000008001364       0x28 /home/kilian/github/campusiot/RIOT-wyres/tests/driver_sx127x/bin/wyres-base/cpu/cpu_common.o
                0x0000000008001364                periph_clk_en
 .text.periph_clk_dis
                0x000000000800138c       0x24 /home/kilian/github/campusiot/RIOT-wyres/tests/driver_sx127x/bin/wyres-base/cpu/cpu_common.o
                0x000000000800138c                periph_clk_dis
 .text.cpu_init
                0x00000000080013b0       0x68 /home/kilian/github/campusiot/RIOT-wyres/tests/driver_sx127x/bin/wyres-base/cpu/cpu_init.o
                0x00000000080013b0                cpu_init
 .text.fmt_hex_byte
                0x0000000008001418       0x46 /home/kilian/github/campusiot/RIOT-wyres/tests/driver_sx127x/bin/wyres-base/fmt/fmt.o
                0x0000000008001418                fmt_hex_byte
 .text.gcd32    0x000000000800145e       0x40 /home/kilian/github/campusiot/RIOT-wyres/tests/driver_sx127x/bin/wyres-base/frac/frac.o
                0x000000000800145e                gcd32
 .text.frac_init
                0x000000000800149e       0x94 /home/kilian/github/campusiot/RIOT-wyres/tests/driver_sx127x/bin/wyres-base/frac/frac.o
                0x000000000800149e                frac_init
 .text.iolist_size
                0x0000000008001532       0x10 /home/kilian/github/campusiot/RIOT-wyres/tests/driver_sx127x/bin/wyres-base/iolist/iolist.o
                0x0000000008001532                iolist_size
 .text.isrpipe_write_one
                0x0000000008001542       0x16 /home/kilian/github/campusiot/RIOT-wyres/tests/driver_sx127x/bin/wyres-base/isrpipe/isrpipe.o
                0x0000000008001542                isrpipe_write_one
 .text.isrpipe_read
                0x0000000008001558       0x24 /home/kilian/github/campusiot/RIOT-wyres/tests/driver_sx127x/bin/wyres-base/isrpipe/isrpipe.o
                0x0000000008001558                isrpipe_read
 .text._out_null
                0x000000000800157c        0x2 /home/kilian/github/campusiot/RIOT-wyres/tests/driver_sx127x/bin/wyres-base/mpaland-printf/printf.o
 .text._out_rev
                0x000000000800157e       0x86 /home/kilian/github/campusiot/RIOT-wyres/tests/driver_sx127x/bin/wyres-base/mpaland-printf/printf.o
 .text._ntoa_long
                0x0000000008001604      0x17c /home/kilian/github/campusiot/RIOT-wyres/tests/driver_sx127x/bin/wyres-base/mpaland-printf/printf.o
 .text.write_all
                0x0000000008001780       0x1c /home/kilian/github/campusiot/RIOT-wyres/tests/driver_sx127x/bin/wyres-base/mpaland-printf/printf.o
 .text._out_char
                0x000000000800179c       0x2a /home/kilian/github/campusiot/RIOT-wyres/tests/driver_sx127x/bin/wyres-base/mpaland-printf/printf.o
 *fill*         0x00000000080017c6        0x2 
 .text._vsnprintf
                0x00000000080017c8      0x450 /home/kilian/github/campusiot/RIOT-wyres/tests/driver_sx127x/bin/wyres-base/mpaland-printf/printf.o
 .text.printf_  0x0000000008001c18       0x40 /home/kilian/github/campusiot/RIOT-wyres/tests/driver_sx127x/bin/wyres-base/mpaland-printf/printf.o
                0x0000000008001c18                printf_
                0x0000000008001c18                __wrap_printf
 .text.__wrap_putchar
                0x0000000008001c58       0x18 /home/kilian/github/campusiot/RIOT-wyres/tests/driver_sx127x/bin/wyres-base/mpaland-printf/printf.o
                0x0000000008001c58                __wrap_putchar
 .text.__wrap_puts
                0x0000000008001c70       0x24 /home/kilian/github/campusiot/RIOT-wyres/tests/driver_sx127x/bin/wyres-base/mpaland-printf/printf.o
                0x0000000008001c70                __wrap_puts
 .text._init    0x0000000008001c94        0x2 /home/kilian/github/campusiot/RIOT-wyres/tests/driver_sx127x/bin/wyres-base/newlib_syscalls_default/syscalls.o
                0x0000000008001c94                _init
 .text._fini    0x0000000008001c96        0x2 /home/kilian/github/campusiot/RIOT-wyres/tests/driver_sx127x/bin/wyres-base/newlib_syscalls_default/syscalls.o
                0x0000000008001c96                _fini
 .text._sbrk_r  0x0000000008001c98       0x40 /home/kilian/github/campusiot/RIOT-wyres/tests/driver_sx127x/bin/wyres-base/newlib_syscalls_default/syscalls.o
                0x0000000008001c98                _sbrk_r
 .text._read_r  0x0000000008001cd8        0x8 /home/kilian/github/campusiot/RIOT-wyres/tests/driver_sx127x/bin/wyres-base/newlib_syscalls_default/syscalls.o
                0x0000000008001cd8                _read_r
 .text._write_r
                0x0000000008001ce0        0x8 /home/kilian/github/campusiot/RIOT-wyres/tests/driver_sx127x/bin/wyres-base/newlib_syscalls_default/syscalls.o
                0x0000000008001ce0                _write_r
 .text._close_r
                0x0000000008001ce8        0xa /home/kilian/github/campusiot/RIOT-wyres/tests/driver_sx127x/bin/wyres-base/newlib_syscalls_default/syscalls.o
                0x0000000008001ce8                _close_r
 .text._lseek_r
                0x0000000008001cf2        0xa /home/kilian/github/campusiot/RIOT-wyres/tests/driver_sx127x/bin/wyres-base/newlib_syscalls_default/syscalls.o
                0x0000000008001cf2                _lseek_r
 .text._fstat_r
                0x0000000008001cfc        0xa /home/kilian/github/campusiot/RIOT-wyres/tests/driver_sx127x/bin/wyres-base/newlib_syscalls_default/syscalls.o
                0x0000000008001cfc                _fstat_r
 .text._isatty_r
                0x0000000008001d06        0xe /home/kilian/github/campusiot/RIOT-wyres/tests/driver_sx127x/bin/wyres-base/newlib_syscalls_default/syscalls.o
                0x0000000008001d06                _isatty_r
 .text.button_init
                0x0000000008001d14        0xc /home/kilian/github/campusiot/RIOT-wyres/tests/driver_sx127x/bin/wyres-base/periph_common/init_buttons.o
                0x0000000008001d14                button_init
 .text.led_init
                0x0000000008001d20        0x2 /home/kilian/github/campusiot/RIOT-wyres/tests/driver_sx127x/bin/wyres-base/periph_common/init_leds.o
                0x0000000008001d20                led_init
 .text.periph_init
                0x0000000008001d22       0x10 /home/kilian/github/campusiot/RIOT-wyres/tests/driver_sx127x/bin/wyres-base/periph_common/init.o
                0x0000000008001d22                periph_init
 .text.spi_transfer_regs
                0x0000000008001d32       0x36 /home/kilian/github/campusiot/RIOT-wyres/tests/driver_sx127x/bin/wyres-base/periph_common/spi.o
                0x0000000008001d32                spi_transfer_regs
 .text.timer_get_closest_freq
                0x0000000008001d68       0x78 /home/kilian/github/campusiot/RIOT-wyres/tests/driver_sx127x/bin/wyres-base/periph_common/timer.o
                0x0000000008001d68                timer_get_closest_freq
 .text.gpio_init
                0x0000000008001de0       0x68 /home/kilian/github/campusiot/RIOT-wyres/tests/driver_sx127x/bin/wyres-base/periph/gpio_all.o
                0x0000000008001de0                gpio_init
 .text.gpio_init_af
                0x0000000008001e48       0x58 /home/kilian/github/campusiot/RIOT-wyres/tests/driver_sx127x/bin/wyres-base/periph/gpio_all.o
                0x0000000008001e48                gpio_init_af
 .text.gpio_read
                0x0000000008001ea0       0x1a /home/kilian/github/campusiot/RIOT-wyres/tests/driver_sx127x/bin/wyres-base/periph/gpio_all.o
                0x0000000008001ea0                gpio_read
 .text.gpio_set
                0x0000000008001eba       0x12 /home/kilian/github/campusiot/RIOT-wyres/tests/driver_sx127x/bin/wyres-base/periph/gpio_all.o
                0x0000000008001eba                gpio_set
 .text.gpio_clear
                0x0000000008001ecc       0x14 /home/kilian/github/campusiot/RIOT-wyres/tests/driver_sx127x/bin/wyres-base/periph/gpio_all.o
                0x0000000008001ecc                gpio_clear
 .text.gpio_write
                0x0000000008001ee0        0xa /home/kilian/github/campusiot/RIOT-wyres/tests/driver_sx127x/bin/wyres-base/periph/gpio_all.o
                0x0000000008001ee0                gpio_write
 *fill*         0x0000000008001eea        0x2 
 .text.gpio_init_int
                0x0000000008001eec       0xc0 /home/kilian/github/campusiot/RIOT-wyres/tests/driver_sx127x/bin/wyres-base/periph/gpio_all.o
                0x0000000008001eec                gpio_init_int
 .text.isr_exti
                0x0000000008001fac       0x58 /home/kilian/github/campusiot/RIOT-wyres/tests/driver_sx127x/bin/wyres-base/periph/gpio_all.o
                0x0000000008001fac                isr_exti
 .text.pm_set   0x0000000008002004       0x80 /home/kilian/github/campusiot/RIOT-wyres/tests/driver_sx127x/bin/wyres-base/periph/pm.o
                0x0000000008002004                pm_set
 .text.spi_init_pins
                0x0000000008002084       0x4c /home/kilian/github/campusiot/RIOT-wyres/tests/driver_sx127x/bin/wyres-base/periph/spi.o
                0x0000000008002084                spi_init_pins
 .text.spi_init
                0x00000000080020d0       0x3c /home/kilian/github/campusiot/RIOT-wyres/tests/driver_sx127x/bin/wyres-base/periph/spi.o
                0x00000000080020d0                spi_init
 .text.spi_init_cs
                0x000000000800210c       0x54 /home/kilian/github/campusiot/RIOT-wyres/tests/driver_sx127x/bin/wyres-base/periph/spi.o
                0x000000000800210c                spi_init_cs
 .text.spi_init_with_gpio_mode
                0x0000000008002160       0x48 /home/kilian/github/campusiot/RIOT-wyres/tests/driver_sx127x/bin/wyres-base/periph/spi.o
                0x0000000008002160                spi_init_with_gpio_mode
 .text.spi_acquire
                0x00000000080021a8       0x78 /home/kilian/github/campusiot/RIOT-wyres/tests/driver_sx127x/bin/wyres-base/periph/spi.o
                0x00000000080021a8                spi_acquire
 .text.spi_release
                0x0000000008002220       0x38 /home/kilian/github/campusiot/RIOT-wyres/tests/driver_sx127x/bin/wyres-base/periph/spi.o
                0x0000000008002220                spi_release
 .text.spi_transfer_bytes
                0x0000000008002258       0xdc /home/kilian/github/campusiot/RIOT-wyres/tests/driver_sx127x/bin/wyres-base/periph/spi.o
                0x0000000008002258                spi_transfer_bytes
 .text.timer_query_freqs_numof
                0x0000000008002334        0x6 /home/kilian/github/campusiot/RIOT-wyres/tests/driver_sx127x/bin/wyres-base/periph/timer.o
                0x0000000008002334                timer_query_freqs_numof
 *fill*         0x000000000800233a        0x2 
 .text.timer_query_freqs
                0x000000000800233c       0x28 /home/kilian/github/campusiot/RIOT-wyres/tests/driver_sx127x/bin/wyres-base/periph/timer.o
                0x000000000800233c                timer_query_freqs
 .text.timer_set
                0x0000000008002364       0x68 /home/kilian/github/campusiot/RIOT-wyres/tests/driver_sx127x/bin/wyres-base/periph/timer.o
                0x0000000008002364                timer_set
 .text.timer_clear
                0x00000000080023cc       0x48 /home/kilian/github/campusiot/RIOT-wyres/tests/driver_sx127x/bin/wyres-base/periph/timer.o
                0x00000000080023cc                timer_clear
 .text.timer_read
                0x0000000008002414       0x10 /home/kilian/github/campusiot/RIOT-wyres/tests/driver_sx127x/bin/wyres-base/periph/timer.o
                0x0000000008002414                timer_read
 .text.timer_start
                0x0000000008002424       0x20 /home/kilian/github/campusiot/RIOT-wyres/tests/driver_sx127x/bin/wyres-base/periph/timer.o
                0x0000000008002424                timer_start
 .text.timer_init
                0x0000000008002444       0x58 /home/kilian/github/campusiot/RIOT-wyres/tests/driver_sx127x/bin/wyres-base/periph/timer.o
                0x0000000008002444                timer_init
 .text.isr_tim3
                0x000000000800249c       0x74 /home/kilian/github/campusiot/RIOT-wyres/tests/driver_sx127x/bin/wyres-base/periph/timer.o
                0x000000000800249c                isr_tim3
 .text.uart_enable_clock
                0x0000000008002510       0x30 /home/kilian/github/campusiot/RIOT-wyres/tests/driver_sx127x/bin/wyres-base/periph/uart.o
 .text.uart_init
                0x0000000008002540       0x7c /home/kilian/github/campusiot/RIOT-wyres/tests/driver_sx127x/bin/wyres-base/periph/uart.o
                0x0000000008002540                uart_init
 .text.uart_write
                0x00000000080025bc       0x2c /home/kilian/github/campusiot/RIOT-wyres/tests/driver_sx127x/bin/wyres-base/periph/uart.o
                0x00000000080025bc                uart_write
 .text.isr_usart1
                0x00000000080025e8       0x44 /home/kilian/github/campusiot/RIOT-wyres/tests/driver_sx127x/bin/wyres-base/periph/uart.o
                0x00000000080025e8                isr_usart1
 .text.pm_set_lowest
                0x000000000800262c       0x2c /home/kilian/github/campusiot/RIOT-wyres/tests/driver_sx127x/bin/wyres-base/pm_layered/pm.o
                0x000000000800262c                pm_set_lowest
 .text.pm_block
                0x0000000008002658       0x18 /home/kilian/github/campusiot/RIOT-wyres/tests/driver_sx127x/bin/wyres-base/pm_layered/pm.o
                0x0000000008002658                pm_block
 .text.pm_unblock
                0x0000000008002670       0x18 /home/kilian/github/campusiot/RIOT-wyres/tests/driver_sx127x/bin/wyres-base/pm_layered/pm.o
                0x0000000008002670                pm_unblock
 .text.pm_get_blocker
                0x0000000008002688       0x1c /home/kilian/github/campusiot/RIOT-wyres/tests/driver_sx127x/bin/wyres-base/pm_layered/pm.o
                0x0000000008002688                pm_get_blocker
 .text.pm_off   0x00000000080026a4       0x10 /home/kilian/github/campusiot/RIOT-wyres/tests/driver_sx127x/bin/wyres-base/pm_layered/pm.o
                0x00000000080026a4                pm_off
 .text.ps       0x00000000080026b4       0x60 /home/kilian/github/campusiot/RIOT-wyres/tests/driver_sx127x/bin/wyres-base/ps/ps.o
                0x00000000080026b4                ps
 .text._print_usage
                0x0000000008002714       0x44 /home/kilian/github/campusiot/RIOT-wyres/tests/driver_sx127x/bin/wyres-base/shell_cmds/pm.o
 .text.parse_mode
                0x0000000008002758       0x20 /home/kilian/github/campusiot/RIOT-wyres/tests/driver_sx127x/bin/wyres-base/shell_cmds/pm.o
 .text._pm_handler
                0x0000000008002778      0x190 /home/kilian/github/campusiot/RIOT-wyres/tests/driver_sx127x/bin/wyres-base/shell_cmds/pm.o
 .text._ps_handler
                0x0000000008002908        0xa /home/kilian/github/campusiot/RIOT-wyres/tests/driver_sx127x/bin/wyres-base/shell_cmds/ps.o
 .text._reboot_handler
                0x0000000008002912        0xa /home/kilian/github/campusiot/RIOT-wyres/tests/driver_sx127x/bin/wyres-base/shell_cmds/sys.o
 .text._version_handler
                0x000000000800291c       0x10 /home/kilian/github/campusiot/RIOT-wyres/tests/driver_sx127x/bin/wyres-base/shell_cmds/sys.o
 .text.print_prompt
                0x000000000800292c       0x20 /home/kilian/github/campusiot/RIOT-wyres/tests/driver_sx127x/bin/wyres-base/shell/shell.o
 .text.shell_handle_input_line
                0x000000000800294c      0x1dc /home/kilian/github/campusiot/RIOT-wyres/tests/driver_sx127x/bin/wyres-base/shell/shell.o
                0x000000000800294c                shell_handle_input_line
 .text.shell_readline
                0x0000000008002b28       0xac /home/kilian/github/campusiot/RIOT-wyres/tests/driver_sx127x/bin/wyres-base/shell/shell.o
                0x0000000008002b28                shell_readline
 .text.shell_run_once
                0x0000000008002bd4       0x3c /home/kilian/github/campusiot/RIOT-wyres/tests/driver_sx127x/bin/wyres-base/shell/shell.o
                0x0000000008002bd4                shell_run_once
 .text.stdio_read
                0x0000000008002c10       0x10 /home/kilian/github/campusiot/RIOT-wyres/tests/driver_sx127x/bin/wyres-base/stdio/stdio.o
                0x0000000008002c10                stdio_read
 .text._isrpipe_write_one_wrapper
                0x0000000008002c20        0x4 /home/kilian/github/campusiot/RIOT-wyres/tests/driver_sx127x/bin/wyres-base/stdio_uart/stdio_uart.o
 .text.stdio_init
                0x0000000008002c24       0x18 /home/kilian/github/campusiot/RIOT-wyres/tests/driver_sx127x/bin/wyres-base/stdio_uart/stdio_uart.o
                0x0000000008002c24                stdio_init
 .text.stdio_write
                0x0000000008002c3c       0x12 /home/kilian/github/campusiot/RIOT-wyres/tests/driver_sx127x/bin/wyres-base/stdio_uart/stdio_uart.o
                0x0000000008002c3c                stdio_write
 *fill*         0x0000000008002c4e        0x2 
 .text.stmclk_enable_hsi
                0x0000000008002c50       0x18 /home/kilian/github/campusiot/RIOT-wyres/tests/driver_sx127x/bin/wyres-base/stm32_clk/stmclk_common.o
                0x0000000008002c50                stmclk_enable_hsi
 .text.stmclk_disable_hsi
                0x0000000008002c68       0x10 /home/kilian/github/campusiot/RIOT-wyres/tests/driver_sx127x/bin/wyres-base/stm32_clk/stmclk_common.o
                0x0000000008002c68                stmclk_disable_hsi
 .text.stmclk_init_sysclk
                0x0000000008002c78       0xa8 /home/kilian/github/campusiot/RIOT-wyres/tests/driver_sx127x/bin/wyres-base/stm32_clk/stmclk_l0l1.o
                0x0000000008002c78                stmclk_init_sysclk
 .text.dummy_handler
                0x0000000008002d20        0x4 /home/kilian/github/campusiot/RIOT-wyres/tests/driver_sx127x/bin/wyres-base/stm32_vectors/STM32L151xC.o
                0x0000000008002d20                isr_pvd
                0x0000000008002d20                isr_rtc_wkup
                0x0000000008002d20                isr_comp_acq
                0x0000000008002d20                isr_tim10
                0x0000000008002d20                isr_dac
                0x0000000008002d20                isr_dma1_channel4
                0x0000000008002d20                isr_tim7
                0x0000000008002d20                isr_tim5
                0x0000000008002d20                isr_i2c1_ev
                0x0000000008002d20                isr_usart2
                0x0000000008002d20                isr_dma1_channel5
                0x0000000008002d20                isr_tim4
                0x0000000008002d20                isr_dma1_channel2
                0x0000000008002d20                isr_dma1_channel7
                0x0000000008002d20                isr_tim2
                0x0000000008002d20                isr_dma2_channel4
                0x0000000008002d20                isr_spi2
                0x0000000008002d20                isr_dma1_channel1
                0x0000000008002d20                dummy_handler
                0x0000000008002d20                isr_usb_hp
                0x0000000008002d20                isr_tim9
                0x0000000008002d20                isr_comp
                0x0000000008002d20                isr_spi1
                0x0000000008002d20                isr_tim6
                0x0000000008002d20                isr_usb_lp
                0x0000000008002d20                isr_rcc
                0x0000000008002d20                isr_flash
                0x0000000008002d20                isr_dma2_channel5
                0x0000000008002d20                isr_dma2_channel1
                0x0000000008002d20                isr_adc1
                0x0000000008002d20                isr_i2c2_er
                0x0000000008002d20                isr_usb_fs_wkup
                0x0000000008002d20                isr_dma1_channel6
                0x0000000008002d20                isr_tim11
                0x0000000008002d20                isr_spi3
                0x0000000008002d20                isr_usart3
                0x0000000008002d20                isr_i2c2_ev
                0x0000000008002d20                isr_dma2_channel2
                0x0000000008002d20                isr_dma2_channel3
                0x0000000008002d20                isr_rtc_alarm
                0x0000000008002d20                isr_dma1_channel3
                0x0000000008002d20                isr_tamper_stamp
                0x0000000008002d20                isr_i2c1_er
                0x0000000008002d20                isr_wwdg
 .text._low_datarate_optimize
                0x0000000008002d24       0x48 /home/kilian/github/campusiot/RIOT-wyres/tests/driver_sx127x/bin/wyres-base/sx127x/sx127x_getset.o
 .text.sx127x_get_state
                0x0000000008002d6c        0x4 /home/kilian/github/campusiot/RIOT-wyres/tests/driver_sx127x/bin/wyres-base/sx127x/sx127x_getset.o
                0x0000000008002d6c                sx127x_get_state
 .text.sx127x_set_state
                0x0000000008002d70        0x4 /home/kilian/github/campusiot/RIOT-wyres/tests/driver_sx127x/bin/wyres-base/sx127x/sx127x_getset.o
                0x0000000008002d70                sx127x_set_state
 .text.sx127x_get_syncword
                0x0000000008002d74        0x6 /home/kilian/github/campusiot/RIOT-wyres/tests/driver_sx127x/bin/wyres-base/sx127x/sx127x_getset.o
                0x0000000008002d74                sx127x_get_syncword
 .text.sx127x_set_syncword
                0x0000000008002d7a        0x8 /home/kilian/github/campusiot/RIOT-wyres/tests/driver_sx127x/bin/wyres-base/sx127x/sx127x_getset.o
                0x0000000008002d7a                sx127x_set_syncword
 *fill*         0x0000000008002d82        0x6 
 .text.sx127x_get_channel
                0x0000000008002d88       0x4c /home/kilian/github/campusiot/RIOT-wyres/tests/driver_sx127x/bin/wyres-base/sx127x/sx127x_getset.o
                0x0000000008002d88                sx127x_get_channel
 *fill*         0x0000000008002dd4        0x4 
 .text.sx127x_set_channel
                0x0000000008002dd8       0x4c /home/kilian/github/campusiot/RIOT-wyres/tests/driver_sx127x/bin/wyres-base/sx127x/sx127x_getset.o
                0x0000000008002dd8                sx127x_set_channel
 .text.sx127x_get_max_payload_len
                0x0000000008002e24       0x16 /home/kilian/github/campusiot/RIOT-wyres/tests/driver_sx127x/bin/wyres-base/sx127x/sx127x_getset.o
                0x0000000008002e24                sx127x_get_max_payload_len
 .text.sx127x_set_max_payload_len
                0x0000000008002e3a       0x16 /home/kilian/github/campusiot/RIOT-wyres/tests/driver_sx127x/bin/wyres-base/sx127x/sx127x_getset.o
                0x0000000008002e3a                sx127x_set_max_payload_len
 .text.sx127x_get_op_mode
                0x0000000008002e50        0xe /home/kilian/github/campusiot/RIOT-wyres/tests/driver_sx127x/bin/wyres-base/sx127x/sx127x_getset.o
                0x0000000008002e50                sx127x_get_op_mode
 .text.sx127x_set_op_mode
                0x0000000008002e5e       0x1e /home/kilian/github/campusiot/RIOT-wyres/tests/driver_sx127x/bin/wyres-base/sx127x/sx127x_getset.o
                0x0000000008002e5e                sx127x_set_op_mode
 .text.sx127x_set_modem
                0x0000000008002e7c       0x54 /home/kilian/github/campusiot/RIOT-wyres/tests/driver_sx127x/bin/wyres-base/sx127x/sx127x_getset.o
                0x0000000008002e7c                sx127x_set_modem
 .text.sx127x_set_sleep
                0x0000000008002ed0       0x30 /home/kilian/github/campusiot/RIOT-wyres/tests/driver_sx127x/bin/wyres-base/sx127x/sx127x_getset.o
                0x0000000008002ed0                sx127x_set_sleep
 .text.sx127x_set_standby
                0x0000000008002f00       0x30 /home/kilian/github/campusiot/RIOT-wyres/tests/driver_sx127x/bin/wyres-base/sx127x/sx127x_getset.o
                0x0000000008002f00                sx127x_set_standby
 .text.sx127x_set_rx
                0x0000000008002f30       0xc0 /home/kilian/github/campusiot/RIOT-wyres/tests/driver_sx127x/bin/wyres-base/sx127x/sx127x_getset.o
                0x0000000008002f30                sx127x_set_rx
 .text.sx127x_set_tx
                0x0000000008002ff0       0x6c /home/kilian/github/campusiot/RIOT-wyres/tests/driver_sx127x/bin/wyres-base/sx127x/sx127x_getset.o
                0x0000000008002ff0                sx127x_set_tx
 .text.sx127x_get_bandwidth
                0x000000000800305c        0x4 /home/kilian/github/campusiot/RIOT-wyres/tests/driver_sx127x/bin/wyres-base/sx127x/sx127x_getset.o
                0x000000000800305c                sx127x_get_bandwidth
 .text.sx127x_set_bandwidth
                0x0000000008003060       0x6c /home/kilian/github/campusiot/RIOT-wyres/tests/driver_sx127x/bin/wyres-base/sx127x/sx127x_getset.o
                0x0000000008003060                sx127x_set_bandwidth
 .text.sx127x_get_spreading_factor
                0x00000000080030cc        0x4 /home/kilian/github/campusiot/RIOT-wyres/tests/driver_sx127x/bin/wyres-base/sx127x/sx127x_getset.o
                0x00000000080030cc                sx127x_get_spreading_factor
 .text.sx127x_set_spreading_factor
                0x00000000080030d0       0x60 /home/kilian/github/campusiot/RIOT-wyres/tests/driver_sx127x/bin/wyres-base/sx127x/sx127x_getset.o
                0x00000000080030d0                sx127x_set_spreading_factor
 .text.sx127x_get_coding_rate
                0x0000000008003130        0x4 /home/kilian/github/campusiot/RIOT-wyres/tests/driver_sx127x/bin/wyres-base/sx127x/sx127x_getset.o
                0x0000000008003130                sx127x_get_coding_rate
 .text.sx127x_set_coding_rate
                0x0000000008003134       0x24 /home/kilian/github/campusiot/RIOT-wyres/tests/driver_sx127x/bin/wyres-base/sx127x/sx127x_getset.o
                0x0000000008003134                sx127x_set_coding_rate
 .text.sx127x_get_rx_single
                0x0000000008003158        0xc /home/kilian/github/campusiot/RIOT-wyres/tests/driver_sx127x/bin/wyres-base/sx127x/sx127x_getset.o
                0x0000000008003158                sx127x_get_rx_single
 .text.sx127x_set_rx_single
                0x0000000008003164       0x12 /home/kilian/github/campusiot/RIOT-wyres/tests/driver_sx127x/bin/wyres-base/sx127x/sx127x_getset.o
                0x0000000008003164                sx127x_set_rx_single
 .text.sx127x_get_crc
                0x0000000008003176       0x14 /home/kilian/github/campusiot/RIOT-wyres/tests/driver_sx127x/bin/wyres-base/sx127x/sx127x_getset.o
                0x0000000008003176                sx127x_get_crc
 .text.sx127x_set_crc
                0x000000000800318a       0x34 /home/kilian/github/campusiot/RIOT-wyres/tests/driver_sx127x/bin/wyres-base/sx127x/sx127x_getset.o
                0x000000000800318a                sx127x_set_crc
 .text.sx127x_get_hop_period
                0x00000000080031be        0x6 /home/kilian/github/campusiot/RIOT-wyres/tests/driver_sx127x/bin/wyres-base/sx127x/sx127x_getset.o
                0x00000000080031be                sx127x_get_hop_period
 .text.sx127x_set_hop_period
                0x00000000080031c4       0x32 /home/kilian/github/campusiot/RIOT-wyres/tests/driver_sx127x/bin/wyres-base/sx127x/sx127x_getset.o
                0x00000000080031c4                sx127x_set_hop_period
 .text.sx127x_get_fixed_header_len_mode
                0x00000000080031f6        0x8 /home/kilian/github/campusiot/RIOT-wyres/tests/driver_sx127x/bin/wyres-base/sx127x/sx127x_getset.o
                0x00000000080031f6                sx127x_get_fixed_header_len_mode
 .text.sx127x_set_fixed_header_len_mode
                0x00000000080031fe       0x34 /home/kilian/github/campusiot/RIOT-wyres/tests/driver_sx127x/bin/wyres-base/sx127x/sx127x_getset.o
                0x00000000080031fe                sx127x_set_fixed_header_len_mode
 .text.sx127x_set_payload_length
                0x0000000008003232        0x8 /home/kilian/github/campusiot/RIOT-wyres/tests/driver_sx127x/bin/wyres-base/sx127x/sx127x_getset.o
                0x0000000008003232                sx127x_set_payload_length
 .text.sx127x_get_tx_power
                0x000000000800323a        0x4 /home/kilian/github/campusiot/RIOT-wyres/tests/driver_sx127x/bin/wyres-base/sx127x/sx127x_getset.o
                0x000000000800323a                sx127x_get_tx_power
 .text.sx127x_set_tx_power
                0x000000000800323e       0x8c /home/kilian/github/campusiot/RIOT-wyres/tests/driver_sx127x/bin/wyres-base/sx127x/sx127x_getset.o
                0x000000000800323e                sx127x_set_tx_power
 .text.sx127x_set_preamble_length
                0x00000000080032ca       0x1e /home/kilian/github/campusiot/RIOT-wyres/tests/driver_sx127x/bin/wyres-base/sx127x/sx127x_getset.o
                0x00000000080032ca                sx127x_set_preamble_length
 .text.sx127x_set_rx_timeout
                0x00000000080032e8        0x4 /home/kilian/github/campusiot/RIOT-wyres/tests/driver_sx127x/bin/wyres-base/sx127x/sx127x_getset.o
                0x00000000080032e8                sx127x_set_rx_timeout
 .text.sx127x_set_tx_timeout
                0x00000000080032ec        0x4 /home/kilian/github/campusiot/RIOT-wyres/tests/driver_sx127x/bin/wyres-base/sx127x/sx127x_getset.o
                0x00000000080032ec                sx127x_set_tx_timeout
 .text.sx127x_set_symbol_timeout
                0x00000000080032f0       0x2c /home/kilian/github/campusiot/RIOT-wyres/tests/driver_sx127x/bin/wyres-base/sx127x/sx127x_getset.o
                0x00000000080032f0                sx127x_set_symbol_timeout
 .text.sx127x_get_iq_invert
                0x000000000800331c        0x8 /home/kilian/github/campusiot/RIOT-wyres/tests/driver_sx127x/bin/wyres-base/sx127x/sx127x_getset.o
                0x000000000800331c                sx127x_get_iq_invert
 .text.sx127x_set_iq_invert
                0x0000000008003324       0x44 /home/kilian/github/campusiot/RIOT-wyres/tests/driver_sx127x/bin/wyres-base/sx127x/sx127x_getset.o
                0x0000000008003324                sx127x_set_iq_invert
 .text.sx127x_set_freq_hop
                0x0000000008003368       0x12 /home/kilian/github/campusiot/RIOT-wyres/tests/driver_sx127x/bin/wyres-base/sx127x/sx127x_getset.o
                0x0000000008003368                sx127x_set_freq_hop
 *fill*         0x000000000800337a        0x2 
 .text.sx127x_reg_write_burst
                0x000000000800337c       0x4c /home/kilian/github/campusiot/RIOT-wyres/tests/driver_sx127x/bin/wyres-base/sx127x/sx127x_internal.o
                0x000000000800337c                sx127x_reg_write_burst
 .text.sx127x_reg_write
                0x00000000080033c8       0x16 /home/kilian/github/campusiot/RIOT-wyres/tests/driver_sx127x/bin/wyres-base/sx127x/sx127x_internal.o
                0x00000000080033c8                sx127x_reg_write
 *fill*         0x00000000080033de        0x2 
 .text.sx127x_reg_read_burst
                0x00000000080033e0       0x48 /home/kilian/github/campusiot/RIOT-wyres/tests/driver_sx127x/bin/wyres-base/sx127x/sx127x_internal.o
                0x00000000080033e0                sx127x_reg_read_burst
 .text.sx127x_reg_read
                0x0000000008003428       0x16 /home/kilian/github/campusiot/RIOT-wyres/tests/driver_sx127x/bin/wyres-base/sx127x/sx127x_internal.o
                0x0000000008003428                sx127x_reg_read
 .text.sx127x_check_version
                0x000000000800343e       0x12 /home/kilian/github/campusiot/RIOT-wyres/tests/driver_sx127x/bin/wyres-base/sx127x/sx127x_internal.o
                0x000000000800343e                sx127x_check_version
 .text.sx127x_write_fifo
                0x0000000008003450        0xa /home/kilian/github/campusiot/RIOT-wyres/tests/driver_sx127x/bin/wyres-base/sx127x/sx127x_internal.o
                0x0000000008003450                sx127x_write_fifo
 .text.sx127x_read_fifo
                0x000000000800345a        0xa /home/kilian/github/campusiot/RIOT-wyres/tests/driver_sx127x/bin/wyres-base/sx127x/sx127x_internal.o
                0x000000000800345a                sx127x_read_fifo
 .text.sx127x_read_rssi
                0x0000000008003464       0x2a /home/kilian/github/campusiot/RIOT-wyres/tests/driver_sx127x/bin/wyres-base/sx127x/sx127x_internal.o
                0x0000000008003464                sx127x_read_rssi
 .text._set     0x000000000800348e      0x180 /home/kilian/github/campusiot/RIOT-wyres/tests/driver_sx127x/bin/wyres-base/sx127x/sx127x_netdev.o
 *fill*         0x000000000800360e        0x2 
 .text._get     0x0000000008003610      0x144 /home/kilian/github/campusiot/RIOT-wyres/tests/driver_sx127x/bin/wyres-base/sx127x/sx127x_netdev.o
 .text._init    0x0000000008003754       0x40 /home/kilian/github/campusiot/RIOT-wyres/tests/driver_sx127x/bin/wyres-base/sx127x/sx127x_netdev.o
 .text._recv    0x0000000008003794      0x108 /home/kilian/github/campusiot/RIOT-wyres/tests/driver_sx127x/bin/wyres-base/sx127x/sx127x_netdev.o
 .text._send    0x000000000800389c       0x8c /home/kilian/github/campusiot/RIOT-wyres/tests/driver_sx127x/bin/wyres-base/sx127x/sx127x_netdev.o
 .text._on_dio0_irq
                0x0000000008003928       0x4c /home/kilian/github/campusiot/RIOT-wyres/tests/driver_sx127x/bin/wyres-base/sx127x/sx127x_netdev.o
                0x0000000008003928                _on_dio0_irq
 .text._on_dio1_irq
                0x0000000008003974       0x54 /home/kilian/github/campusiot/RIOT-wyres/tests/driver_sx127x/bin/wyres-base/sx127x/sx127x_netdev.o
                0x0000000008003974                _on_dio1_irq
 .text._on_dio2_irq
                0x00000000080039c8       0x58 /home/kilian/github/campusiot/RIOT-wyres/tests/driver_sx127x/bin/wyres-base/sx127x/sx127x_netdev.o
                0x00000000080039c8                _on_dio2_irq
 .text._on_dio3_irq
                0x0000000008003a20       0x6c /home/kilian/github/campusiot/RIOT-wyres/tests/driver_sx127x/bin/wyres-base/sx127x/sx127x_netdev.o
                0x0000000008003a20                _on_dio3_irq
 .text._isr     0x0000000008003a8c       0x3e /home/kilian/github/campusiot/RIOT-wyres/tests/driver_sx127x/bin/wyres-base/sx127x/sx127x_netdev.o
 .text.netdev_trigger_event_isr
                0x0000000008003aca        0xa /home/kilian/github/campusiot/RIOT-wyres/tests/driver_sx127x/bin/wyres-base/sx127x/sx127x.o
 .text.sx127x_on_dio3_isr
                0x0000000008003ad4       0x10 /home/kilian/github/campusiot/RIOT-wyres/tests/driver_sx127x/bin/wyres-base/sx127x/sx127x.o
 .text._on_tx_timeout
                0x0000000008003ae4        0x6 /home/kilian/github/campusiot/RIOT-wyres/tests/driver_sx127x/bin/wyres-base/sx127x/sx127x.o
 .text._on_rx_timeout
                0x0000000008003aea        0x6 /home/kilian/github/campusiot/RIOT-wyres/tests/driver_sx127x/bin/wyres-base/sx127x/sx127x.o
 .text.sx127x_on_dio0_isr
                0x0000000008003af0       0x10 /home/kilian/github/campusiot/RIOT-wyres/tests/driver_sx127x/bin/wyres-base/sx127x/sx127x.o
 .text.sx127x_on_dio1_isr
                0x0000000008003b00       0x10 /home/kilian/github/campusiot/RIOT-wyres/tests/driver_sx127x/bin/wyres-base/sx127x/sx127x.o
 .text.sx127x_on_dio2_isr
                0x0000000008003b10       0x10 /home/kilian/github/campusiot/RIOT-wyres/tests/driver_sx127x/bin/wyres-base/sx127x/sx127x.o
 .text.sx127x_reset
                0x0000000008003b20       0x3c /home/kilian/github/campusiot/RIOT-wyres/tests/driver_sx127x/bin/wyres-base/sx127x/sx127x.o
                0x0000000008003b20                sx127x_reset
 .text.sx127x_init
                0x0000000008003b5c      0x100 /home/kilian/github/campusiot/RIOT-wyres/tests/driver_sx127x/bin/wyres-base/sx127x/sx127x.o
                0x0000000008003b5c                sx127x_init
 .text.sx127x_init_radio_settings
                0x0000000008003c5c       0x8c /home/kilian/github/campusiot/RIOT-wyres/tests/driver_sx127x/bin/wyres-base/sx127x/sx127x.o
                0x0000000008003c5c                sx127x_init_radio_settings
 .text.sx127x_random
                0x0000000008003ce8       0x58 /home/kilian/github/campusiot/RIOT-wyres/tests/driver_sx127x/bin/wyres-base/sx127x/sx127x.o
                0x0000000008003ce8                sx127x_random
 .text._turb_pop
                0x0000000008003d40       0x12 /home/kilian/github/campusiot/RIOT-wyres/tests/driver_sx127x/bin/wyres-base/tsrb/tsrb.o
 .text.tsrb_get
                0x0000000008003d52       0x36 /home/kilian/github/campusiot/RIOT-wyres/tests/driver_sx127x/bin/wyres-base/tsrb/tsrb.o
                0x0000000008003d52                tsrb_get
 .text.tsrb_add_one
                0x0000000008003d88       0x30 /home/kilian/github/campusiot/RIOT-wyres/tests/driver_sx127x/bin/wyres-base/tsrb/tsrb.o
                0x0000000008003d88                tsrb_add_one
 .text.ztimer_convert_frac_op_now
                0x0000000008003db8       0x3c /home/kilian/github/campusiot/RIOT-wyres/tests/driver_sx127x/bin/wyres-base/ztimer_core/convert_frac.o
 .text.ztimer_convert_frac_op_set
                0x0000000008003df4       0x34 /home/kilian/github/campusiot/RIOT-wyres/tests/driver_sx127x/bin/wyres-base/ztimer_core/convert_frac.o
 .text.ztimer_convert_frac_init
                0x0000000008003e28       0x88 /home/kilian/github/campusiot/RIOT-wyres/tests/driver_sx127x/bin/wyres-base/ztimer_core/convert_frac.o
                0x0000000008003e28                ztimer_convert_frac_init
 .text.ztimer_convert_cancel
                0x0000000008003eb0        0xa /home/kilian/github/campusiot/RIOT-wyres/tests/driver_sx127x/bin/wyres-base/ztimer_core/convert.o
                0x0000000008003eb0                ztimer_convert_cancel
 .text._ztimer_update
                0x0000000008003eba       0x28 /home/kilian/github/campusiot/RIOT-wyres/tests/driver_sx127x/bin/wyres-base/ztimer_core/core.o
 .text._del_entry_from_list
                0x0000000008003ee2       0x46 /home/kilian/github/campusiot/RIOT-wyres/tests/driver_sx127x/bin/wyres-base/ztimer_core/core.o
 .text._now_next
                0x0000000008003f28       0x2a /home/kilian/github/campusiot/RIOT-wyres/tests/driver_sx127x/bin/wyres-base/ztimer_core/core.o
 .text._ztimer_now_extend
                0x0000000008003f52       0x32 /home/kilian/github/campusiot/RIOT-wyres/tests/driver_sx127x/bin/wyres-base/ztimer_core/core.o
                0x0000000008003f52                _ztimer_now_extend
 .text.ztimer_now
                0x0000000008003f84       0x10 /home/kilian/github/campusiot/RIOT-wyres/tests/driver_sx127x/bin/wyres-base/ztimer_core/core.o
 .text._ztimer_update_head_offset
                0x0000000008003f94       0x32 /home/kilian/github/campusiot/RIOT-wyres/tests/driver_sx127x/bin/wyres-base/ztimer_core/core.o
 .text.ztimer_remove
                0x0000000008003fc6       0x38 /home/kilian/github/campusiot/RIOT-wyres/tests/driver_sx127x/bin/wyres-base/ztimer_core/core.o
                0x0000000008003fc6                ztimer_remove
 .text.ztimer_set
                0x0000000008003ffe       0x8a /home/kilian/github/campusiot/RIOT-wyres/tests/driver_sx127x/bin/wyres-base/ztimer_core/core.o
                0x0000000008003ffe                ztimer_set
 .text.ztimer_handler
                0x0000000008004088       0x94 /home/kilian/github/campusiot/RIOT-wyres/tests/driver_sx127x/bin/wyres-base/ztimer_core/core.o
                0x0000000008004088                ztimer_handler
 .text.ztimer_init
                0x000000000800411c       0x38 /home/kilian/github/campusiot/RIOT-wyres/tests/driver_sx127x/bin/wyres-base/ztimer_core/init.o
                0x000000000800411c                ztimer_init
 .text._ztimer_periph_timer_callback
                0x0000000008004154        0x4 /home/kilian/github/campusiot/RIOT-wyres/tests/driver_sx127x/bin/wyres-base/ztimer_core/periph_timer.o
 .text._ztimer_periph_timer_cancel
                0x0000000008004158        0x8 /home/kilian/github/campusiot/RIOT-wyres/tests/driver_sx127x/bin/wyres-base/ztimer_core/periph_timer.o
 .text._ztimer_periph_timer_now
                0x0000000008004160        0x6 /home/kilian/github/campusiot/RIOT-wyres/tests/driver_sx127x/bin/wyres-base/ztimer_core/periph_timer.o
 .text._ztimer_periph_timer_set
                0x0000000008004166       0x1e /home/kilian/github/campusiot/RIOT-wyres/tests/driver_sx127x/bin/wyres-base/ztimer_core/periph_timer.o
 .text.ztimer_periph_timer_init
                0x0000000008004184       0x40 /home/kilian/github/campusiot/RIOT-wyres/tests/driver_sx127x/bin/wyres-base/ztimer_core/periph_timer.o
                0x0000000008004184                ztimer_periph_timer_init
 .text._callback_unlock_mutex
                0x00000000080041c4        0x4 /home/kilian/github/campusiot/RIOT-wyres/tests/driver_sx127x/bin/wyres-base/ztimer_core/util.o
 .text.ztimer_sleep
                0x00000000080041c8       0x38 /home/kilian/github/campusiot/RIOT-wyres/tests/driver_sx127x/bin/wyres-base/ztimer_core/util.o
                0x00000000080041c8                ztimer_sleep
 .text          0x0000000008004200       0x30 /usr/lib/gcc/arm-none-eabi/10.3.1/thumb/v7-m/nofp/libgcc.a(_aeabi_uldivmod.o)
                0x0000000008004200                __aeabi_uldivmod
 .text          0x0000000008004230      0x2d4 /usr/lib/gcc/arm-none-eabi/10.3.1/thumb/v7-m/nofp/libgcc.a(_udivmoddi4.o)
                0x0000000008004230                __udivmoddi4
 .text          0x0000000008004504        0x4 /usr/lib/gcc/arm-none-eabi/10.3.1/thumb/v7-m/nofp/libgcc.a(_dvmd_tls.o)
                0x0000000008004504                __aeabi_ldiv0
                0x0000000008004504                __aeabi_idiv0
 .text          0x0000000008004508       0x10 /usr/lib/gcc/arm-none-eabi/10.3.1/../../../arm-none-eabi/lib/thumb/v7-m/nofp/libc_nano.a(lib_a-atoi.o)
                0x0000000008004508                atoi
                0x0000000008004510                _atoi_r
 .text          0x0000000008004518        0xc /usr/lib/gcc/arm-none-eabi/10.3.1/../../../arm-none-eabi/lib/thumb/v7-m/nofp/libc_nano.a(lib_a-errno.o)
                0x0000000008004518                __errno
 .text          0x0000000008004524      0x1dc /usr/lib/gcc/arm-none-eabi/10.3.1/../../../arm-none-eabi/lib/thumb/v7-m/nofp/libc_nano.a(lib_a-fflush.o)
                0x0000000008004524                __sflush_r
                0x000000000800462c                _fflush_r
                0x0000000008004680                fflush
 .text          0x0000000008004700      0x230 /usr/lib/gcc/arm-none-eabi/10.3.1/../../../arm-none-eabi/lib/thumb/v7-m/nofp/libc_nano.a(lib_a-findfp.o)
                0x0000000008004704                _cleanup_r
                0x0000000008004714                __sfmoreglue
                0x0000000008004744                __sfp
                0x00000000080048dc                _cleanup
                0x00000000080048f0                __sinit
                0x00000000080048f8                __sfp_lock_acquire
                0x00000000080048fc                __sfp_lock_release
                0x0000000008004900                __sinit_lock_acquire
                0x0000000008004904                __sinit_lock_release
                0x0000000008004908                __fp_lock_all
                0x000000000800491c                __fp_unlock_all
 .text          0x0000000008004930       0x88 /usr/lib/gcc/arm-none-eabi/10.3.1/../../../arm-none-eabi/lib/thumb/v7-m/nofp/libc_nano.a(lib_a-fwalk.o)
                0x0000000008004930                _fwalk
                0x0000000008004970                _fwalk_reent
 .text          0x00000000080049b8       0x58 /usr/lib/gcc/arm-none-eabi/10.3.1/../../../arm-none-eabi/lib/thumb/v7-m/nofp/libc_nano.a(lib_a-getchar.o)
                0x00000000080049b8                _getchar_r
                0x00000000080049e0                getchar
 .text          0x0000000008004a10       0x48 /usr/lib/gcc/arm-none-eabi/10.3.1/../../../arm-none-eabi/lib/thumb/v7-m/nofp/libc_nano.a(lib_a-init.o)
                0x0000000008004a10                __libc_init_array
 .text          0x0000000008004a58       0x68 /usr/lib/gcc/arm-none-eabi/10.3.1/../../../arm-none-eabi/lib/thumb/v7-m/nofp/libc_nano.a(lib_a-memcmp.o)
                0x0000000008004a58                memcmp
 .text          0x0000000008004ac0       0xec /usr/lib/gcc/arm-none-eabi/10.3.1/../../../arm-none-eabi/lib/thumb/v7-m/nofp/libc_nano.a(lib_a-memcpy.o)
                0x0000000008004ac0                memcpy
 .text          0x0000000008004bac       0xa4 /usr/lib/gcc/arm-none-eabi/10.3.1/../../../arm-none-eabi/lib/thumb/v7-m/nofp/libc_nano.a(lib_a-memset.o)
                0x0000000008004bac                memset
 .text          0x0000000008004c50       0xcc /usr/lib/gcc/arm-none-eabi/10.3.1/../../../arm-none-eabi/lib/thumb/v7-m/nofp/libc_nano.a(lib_a-nano-freer.o)
                0x0000000008004c50                _free_r
 .text          0x0000000008004d1c       0xb8 /usr/lib/gcc/arm-none-eabi/10.3.1/../../../arm-none-eabi/lib/thumb/v7-m/nofp/libc_nano.a(lib_a-nano-mallocr.o)
                0x0000000008004d1c                _malloc_r
 .text          0x0000000008004dd4       0x90 /usr/lib/gcc/arm-none-eabi/10.3.1/../../../arm-none-eabi/lib/thumb/v7-m/nofp/libc_nano.a(lib_a-stdio.o)
                0x0000000008004dd4                __sread
                0x0000000008004df8                __seofread
                0x0000000008004dfc                __swrite
                0x0000000008004e3c                __sseek
                0x0000000008004e5c                __sclose
 .text          0x0000000008004e64      0x1bc /usr/lib/gcc/arm-none-eabi/10.3.1/../../../arm-none-eabi/lib/thumb/v7-m/nofp/libc_nano.a(lib_a-strcmp.o)
                0x0000000008004e64                strcmp
 .text          0x0000000008005020       0x5c /usr/lib/gcc/arm-none-eabi/10.3.1/../../../arm-none-eabi/lib/thumb/v7-m/nofp/libc_nano.a(lib_a-strlen-stub.o)
                0x0000000008005020                strlen
 .text          0x000000000800507c      0x420 /usr/lib/gcc/arm-none-eabi/10.3.1/../../../arm-none-eabi/lib/thumb/v7-m/nofp/libc_nano.a(lib_a-strstr.o)
                0x0000000008005334                strstr
 .text          0x000000000800549c      0x190 /usr/lib/gcc/arm-none-eabi/10.3.1/../../../arm-none-eabi/lib/thumb/v7-m/nofp/libc_nano.a(lib_a-strtol.o)
                0x00000000080055bc                _strtol_r
                0x00000000080055d4                strtol_l
                0x0000000008005600                strtol
 .text          0x000000000800562c      0x178 /usr/lib/gcc/arm-none-eabi/10.3.1/../../../arm-none-eabi/lib/thumb/v7-m/nofp/libc_nano.a(lib_a-strtoul.o)
                0x0000000008005768                _strtoul_r
                0x000000000800576c                strtoul_l
                0x0000000008005788                strtoul
 .text          0x00000000080057a4       0xd8 /usr/lib/gcc/arm-none-eabi/10.3.1/../../../arm-none-eabi/lib/thumb/v7-m/nofp/libc_nano.a(lib_a-getc.o)
                0x00000000080057a4                _getc_r
                0x000000000800580c                getc
 .text          0x000000000800587c        0x8 /usr/lib/gcc/arm-none-eabi/10.3.1/../../../arm-none-eabi/lib/thumb/v7-m/nofp/libc_nano.a(lib_a-mlock.o)
                0x000000000800587c                __malloc_lock
                0x0000000008005880                __malloc_unlock
 .text          0x0000000008005884       0xc8 /usr/lib/gcc/arm-none-eabi/10.3.1/../../../arm-none-eabi/lib/thumb/v7-m/nofp/libc_nano.a(lib_a-rget.o)
                0x0000000008005884                __srget_r
                0x00000000080058e4                __srget
 .text          0x000000000800594c       0xcc /usr/lib/gcc/arm-none-eabi/10.3.1/../../../arm-none-eabi/lib/thumb/v7-m/nofp/libc_nano.a(lib_a-strchr.o)
                0x000000000800594c                strchr
 .text          0x0000000008005a18       0x24 /usr/lib/gcc/arm-none-eabi/10.3.1/../../../arm-none-eabi/lib/thumb/v7-m/nofp/libc_nano.a(lib_a-strnlen.o)
                0x0000000008005a18                strnlen
 .text          0x0000000008005a3c      0x148 /usr/lib/gcc/arm-none-eabi/10.3.1/../../../arm-none-eabi/lib/thumb/v7-m/nofp/libc_nano.a(lib_a-refill.o)
                0x0000000008005a50                __srefill_r
 .text          0x0000000008005b84      0x11c /usr/lib/gcc/arm-none-eabi/10.3.1/../../../arm-none-eabi/lib/thumb/v7-m/nofp/libc_nano.a(lib_a-makebuf.o)
                0x0000000008005b84                __smakebuf_r
                0x0000000008005c44                __swhatbuf_r
 *(.glue_7t)
 .glue_7t       0x0000000008005ca0        0x0 linker stubs
 *(.glue_7)
 .glue_7        0x0000000008005ca0        0x0 linker stubs
 *(.rodata .rodata* .gnu.linkonce.r.*)
 .rodata.str1.1
                0x0000000008005ca0      0x1bc /home/kilian/github/campusiot/RIOT-wyres/tests/driver_sx127x/bin/wyres-base/application_test-driver-sx127x/main.o
                                        0x1d2 (size before relaxing)
 .rodata.reset_cmd.str1.1
                0x0000000008005e5c       0x14 /home/kilian/github/campusiot/RIOT-wyres/tests/driver_sx127x/bin/wyres-base/application_test-driver-sx127x/main.o
 .rodata.lora_setup_cmd.str1.1
                0x0000000008005e70      0x193 /home/kilian/github/campusiot/RIOT-wyres/tests/driver_sx127x/bin/wyres-base/application_test-driver-sx127x/main.o
 .rodata.random_cmd.str1.1
                0x0000000008006003       0x20 /home/kilian/github/campusiot/RIOT-wyres/tests/driver_sx127x/bin/wyres-base/application_test-driver-sx127x/main.o
 .rodata.rx_timeout_cmd.str1.1
                0x0000000008006023       0x68 /home/kilian/github/campusiot/RIOT-wyres/tests/driver_sx127x/bin/wyres-base/application_test-driver-sx127x/main.o
 .rodata.register_cmd.str1.1
                0x000000000800608b      0x152 /home/kilian/github/campusiot/RIOT-wyres/tests/driver_sx127x/bin/wyres-base/application_test-driver-sx127x/main.o
                                        0x159 (size before relaxing)
 .rodata.send_cmd.str1.1
                0x00000000080061dd       0x60 /home/kilian/github/campusiot/RIOT-wyres/tests/driver_sx127x/bin/wyres-base/application_test-driver-sx127x/main.o
 .rodata.listen_cmd.str1.1
                0x000000000800623d       0x10 /home/kilian/github/campusiot/RIOT-wyres/tests/driver_sx127x/bin/wyres-base/application_test-driver-sx127x/main.o
 .rodata.channel_cmd.str1.1
                0x000000000800624d       0x3a /home/kilian/github/campusiot/RIOT-wyres/tests/driver_sx127x/bin/wyres-base/application_test-driver-sx127x/main.o
 .rodata.syncword_cmd.str1.1
                0x0000000008006287       0x61 /home/kilian/github/campusiot/RIOT-wyres/tests/driver_sx127x/bin/wyres-base/application_test-driver-sx127x/main.o
 .rodata._recv_thread.str1.1
                0x00000000080062e8       0x14 /home/kilian/github/campusiot/RIOT-wyres/tests/driver_sx127x/bin/wyres-base/application_test-driver-sx127x/main.o
 .rodata.payload_cmd.str1.1
                0x00000000080062fc       0x40 /home/kilian/github/campusiot/RIOT-wyres/tests/driver_sx127x/bin/wyres-base/application_test-driver-sx127x/main.o
 .rodata._event_cb.part.0.str1.1
                0x000000000800633c       0xdd /home/kilian/github/campusiot/RIOT-wyres/tests/driver_sx127x/bin/wyres-base/application_test-driver-sx127x/main.o
 .rodata._event_cb.str1.1
                0x0000000008006419       0x26 /home/kilian/github/campusiot/RIOT-wyres/tests/driver_sx127x/bin/wyres-base/application_test-driver-sx127x/main.o
 .rodata._set_opt.constprop.0.str1.1
                0x000000000800643f       0x21 /home/kilian/github/campusiot/RIOT-wyres/tests/driver_sx127x/bin/wyres-base/application_test-driver-sx127x/main.o
 .rodata.implicit_cmd.str1.1
                0x0000000008006460       0x15 /home/kilian/github/campusiot/RIOT-wyres/tests/driver_sx127x/bin/wyres-base/application_test-driver-sx127x/main.o
                                         0x25 (size before relaxing)
 .rodata.crc_cmd.str1.1
                0x0000000008006475        0xa /home/kilian/github/campusiot/RIOT-wyres/tests/driver_sx127x/bin/wyres-base/application_test-driver-sx127x/main.o
 .rodata.init_sx1272_cmd.str1.1
                0x000000000800647f       0x61 /home/kilian/github/campusiot/RIOT-wyres/tests/driver_sx127x/bin/wyres-base/application_test-driver-sx127x/main.o
 .rodata.main.str1.1
                0x00000000080064e0       0x33 /home/kilian/github/campusiot/RIOT-wyres/tests/driver_sx127x/bin/wyres-base/application_test-driver-sx127x/main.o
 *fill*         0x0000000008006513        0x1 
 .rodata        0x0000000008006514       0x34 /home/kilian/github/campusiot/RIOT-wyres/tests/driver_sx127x/bin/wyres-base/application_test-driver-sx127x/main.o
 .rodata.shell_commands
                0x0000000008006548       0xa8 /home/kilian/github/campusiot/RIOT-wyres/tests/driver_sx127x/bin/wyres-base/application_test-driver-sx127x/main.o
 .rodata.main_trampoline.str1.1
                0x00000000080065f0       0x3a /home/kilian/github/campusiot/RIOT-wyres/tests/driver_sx127x/bin/wyres-base/core_lib/init.o
 .rodata.kernel_init.str1.1
                0x000000000800662a        0x5 /home/kilian/github/campusiot/RIOT-wyres/tests/driver_sx127x/bin/wyres-base/core_lib/init.o
 .rodata.core_panic.str1.1
                0x000000000800662f       0x2e /home/kilian/github/campusiot/RIOT-wyres/tests/driver_sx127x/bin/wyres-base/core_lib/panic.o
 .rodata.thread_state_to_string.str1.1
                0x000000000800665d        0x8 /home/kilian/github/campusiot/RIOT-wyres/tests/driver_sx127x/bin/wyres-base/core/thread.o
 .rodata.str1.1
                0x0000000008006665       0x6a /home/kilian/github/campusiot/RIOT-wyres/tests/driver_sx127x/bin/wyres-base/core/thread.o
 *fill*         0x00000000080066cf        0x1 
 .rodata.state_names
                0x00000000080066d0       0x34 /home/kilian/github/campusiot/RIOT-wyres/tests/driver_sx127x/bin/wyres-base/core/thread.o
 .rodata.nmi_handler.str1.1
                0x0000000008006704        0xc /home/kilian/github/campusiot/RIOT-wyres/tests/driver_sx127x/bin/wyres-base/cortexm_common/vectors_cortexm.o
 .rodata.hard_fault_default.str1.1
                0x0000000008006710       0x13 /home/kilian/github/campusiot/RIOT-wyres/tests/driver_sx127x/bin/wyres-base/cortexm_common/vectors_cortexm.o
 .rodata.mem_manage_default.str1.1
                0x0000000008006723       0x13 /home/kilian/github/campusiot/RIOT-wyres/tests/driver_sx127x/bin/wyres-base/cortexm_common/vectors_cortexm.o
 .rodata.bus_fault_default.str1.1
                0x0000000008006736       0x12 /home/kilian/github/campusiot/RIOT-wyres/tests/driver_sx127x/bin/wyres-base/cortexm_common/vectors_cortexm.o
 .rodata.usage_fault_default.str1.1
                0x0000000008006748       0x14 /home/kilian/github/campusiot/RIOT-wyres/tests/driver_sx127x/bin/wyres-base/cortexm_common/vectors_cortexm.o
 .rodata.debug_mon_default.str1.1
                0x000000000800675c       0x12 /home/kilian/github/campusiot/RIOT-wyres/tests/driver_sx127x/bin/wyres-base/cortexm_common/vectors_cortexm.o
 .rodata.dummy_handler_default.str1.1
                0x000000000800676e        0xe /home/kilian/github/campusiot/RIOT-wyres/tests/driver_sx127x/bin/wyres-base/cortexm_common/vectors_cortexm.o
 .rodata.CSWTCH.10
                0x000000000800677c       0x10 /home/kilian/github/campusiot/RIOT-wyres/tests/driver_sx127x/bin/wyres-base/cpu/cpu_common.o
 .rodata.apbmul
                0x000000000800678c        0x2 /home/kilian/github/campusiot/RIOT-wyres/tests/driver_sx127x/bin/wyres-base/cpu/cpu_common.o
 .rodata._vsnprintf.str1.1
                0x000000000800678e        0x6 /home/kilian/github/campusiot/RIOT-wyres/tests/driver_sx127x/bin/wyres-base/mpaland-printf/printf.o
 .rodata.__wrap_puts.str1.1
                0x0000000008006794        0x6 /home/kilian/github/campusiot/RIOT-wyres/tests/driver_sx127x/bin/wyres-base/mpaland-printf/printf.o
                                          0x2 (size before relaxing)
 .rodata.spi_config
                0x0000000008006794       0x20 /home/kilian/github/campusiot/RIOT-wyres/tests/driver_sx127x/bin/wyres-base/periph/spi.o
 .rodata.timer_config
                0x00000000080067b4       0x10 /home/kilian/github/campusiot/RIOT-wyres/tests/driver_sx127x/bin/wyres-base/periph/timer.o
 .rodata.uart_config
                0x00000000080067c4       0x14 /home/kilian/github/campusiot/RIOT-wyres/tests/driver_sx127x/bin/wyres-base/periph/uart.o
 .rodata.ps.str1.1
                0x00000000080067d8       0x32 /home/kilian/github/campusiot/RIOT-wyres/tests/driver_sx127x/bin/wyres-base/ps/ps.o
                                         0x38 (size before relaxing)
 .rodata._print_usage.str1.1
                0x000000000800680a       0xf3 /home/kilian/github/campusiot/RIOT-wyres/tests/driver_sx127x/bin/wyres-base/shell_cmds/pm.o
 .rodata.parse_mode.str1.1
                0x00000000080068fd       0x28 /home/kilian/github/campusiot/RIOT-wyres/tests/driver_sx127x/bin/wyres-base/shell_cmds/pm.o
 .rodata._pm_handler.str1.1
                0x0000000008006925      0x154 /home/kilian/github/campusiot/RIOT-wyres/tests/driver_sx127x/bin/wyres-base/shell_cmds/pm.o
                                        0x15e (size before relaxing)
 .rodata._xfa_pm_cmd_desc
                0x0000000008006a79       0x23 /home/kilian/github/campusiot/RIOT-wyres/tests/driver_sx127x/bin/wyres-base/shell_cmds/pm.o
 .rodata._xfa_pm_cmd_name
                0x0000000008006a9c        0x3 /home/kilian/github/campusiot/RIOT-wyres/tests/driver_sx127x/bin/wyres-base/shell_cmds/pm.o
 .rodata._xfa_ps_cmd_desc
                0x0000000008006a9f       0x2a /home/kilian/github/campusiot/RIOT-wyres/tests/driver_sx127x/bin/wyres-base/shell_cmds/ps.o
 .rodata._xfa_ps_cmd_name
                0x0000000008006ac9        0x3 /home/kilian/github/campusiot/RIOT-wyres/tests/driver_sx127x/bin/wyres-base/shell_cmds/ps.o
 .rodata._version_handler.str1.1
                0x0000000008006acc       0x19 /home/kilian/github/campusiot/RIOT-wyres/tests/driver_sx127x/bin/wyres-base/shell_cmds/sys.o
 .rodata._xfa_reboot_cmd_desc
                0x0000000008006ae5       0x10 /home/kilian/github/campusiot/RIOT-wyres/tests/driver_sx127x/bin/wyres-base/shell_cmds/sys.o
 .rodata._xfa_reboot_cmd_name
                0x0000000008006af5        0x7 /home/kilian/github/campusiot/RIOT-wyres/tests/driver_sx127x/bin/wyres-base/shell_cmds/sys.o
 .rodata._xfa_version_cmd_desc
                0x0000000008006afc       0x1c /home/kilian/github/campusiot/RIOT-wyres/tests/driver_sx127x/bin/wyres-base/shell_cmds/sys.o
 .rodata._xfa_version_cmd_name
                0x0000000008006b18        0x8 /home/kilian/github/campusiot/RIOT-wyres/tests/driver_sx127x/bin/wyres-base/shell_cmds/sys.o
 .rodata.shell_handle_input_line.str1.1
                0x0000000008006b20       0x8f /home/kilian/github/campusiot/RIOT-wyres/tests/driver_sx127x/bin/wyres-base/shell/shell.o
 .rodata.shell_run_once.str1.1
                0x0000000008006baf       0x24 /home/kilian/github/campusiot/RIOT-wyres/tests/driver_sx127x/bin/wyres-base/shell/shell.o
 .rodata._on_dio1_irq.str1.1
                0x0000000008006bd3       0x2f /home/kilian/github/campusiot/RIOT-wyres/tests/driver_sx127x/bin/wyres-base/sx127x/sx127x_netdev.o
 .rodata._on_dio2_irq.str1.1
                0x0000000008006c02       0x2f /home/kilian/github/campusiot/RIOT-wyres/tests/driver_sx127x/bin/wyres-base/sx127x/sx127x_netdev.o
 .rodata._on_dio3_irq.str1.1
                0x0000000008006c31       0x2f /home/kilian/github/campusiot/RIOT-wyres/tests/driver_sx127x/bin/wyres-base/sx127x/sx127x_netdev.o
 .rodata.sx127x_driver
                0x0000000008006c60       0x1c /home/kilian/github/campusiot/RIOT-wyres/tests/driver_sx127x/bin/wyres-base/sx127x/sx127x_netdev.o
                0x0000000008006c60                sx127x_driver
 .rodata        0x0000000008006c7c        0x3 /home/kilian/github/campusiot/RIOT-wyres/tests/driver_sx127x/bin/wyres-base/sx127x/sx127x.o
 *fill*         0x0000000008006c7f        0x1 
 .rodata.ztimer_convert_frac_ops
                0x0000000008006c80        0xc /home/kilian/github/campusiot/RIOT-wyres/tests/driver_sx127x/bin/wyres-base/ztimer_core/convert_frac.o
 .rodata.ZTIMER_MSEC
                0x0000000008006c8c        0x4 /home/kilian/github/campusiot/RIOT-wyres/tests/driver_sx127x/bin/wyres-base/ztimer_core/init.o
                0x0000000008006c8c                ZTIMER_MSEC
 .rodata._ztimer_periph_timer_ops
                0x0000000008006c90        0xc /home/kilian/github/campusiot/RIOT-wyres/tests/driver_sx127x/bin/wyres-base/ztimer_core/periph_timer.o
 .rodata        0x0000000008006c9c       0x60 /usr/lib/gcc/arm-none-eabi/10.3.1/../../../arm-none-eabi/lib/thumb/v7-m/nofp/libc_nano.a(lib_a-findfp.o)
                0x0000000008006c9c                __sf_fake_stderr
                0x0000000008006cbc                __sf_fake_stdout
                0x0000000008006cdc                __sf_fake_stdin
 .rodata        0x0000000008006cfc        0x4 /usr/lib/gcc/arm-none-eabi/10.3.1/../../../arm-none-eabi/lib/thumb/v7-m/nofp/libc_nano.a(lib_a-impure.o)
                0x0000000008006cfc                _global_impure_ptr
 .rodata        0x0000000008006d00      0x101 /usr/lib/gcc/arm-none-eabi/10.3.1/../../../arm-none-eabi/lib/thumb/v7-m/nofp/libc_nano.a(lib_a-ctype_.o)
                0x0000000008006d00                _ctype_
 *(SORT_BY_NAME(.roxfa.*))
 *fill*         0x0000000008006e01        0x3 
 .roxfa.auto_init_xfa.0_
                0x0000000008006e04        0x0 /home/kilian/github/campusiot/RIOT-wyres/tests/driver_sx127x/bin/wyres-base/auto_init/auto_init.o
                0x0000000008006e04                auto_init_xfa
 .roxfa.auto_init_xfa.5_1010
                0x0000000008006e04        0x4 /home/kilian/github/campusiot/RIOT-wyres/tests/driver_sx127x/bin/wyres-base/auto_init/auto_init.o
                0x0000000008006e04                auto_init_xfa_ztimer_init
 .roxfa.auto_init_xfa.9_
                0x0000000008006e08        0x0 /home/kilian/github/campusiot/RIOT-wyres/tests/driver_sx127x/bin/wyres-base/auto_init/auto_init.o
                0x0000000008006e08                auto_init_xfa_end
 .roxfa.shell_commands_xfa_v2.0_
                0x0000000008006e08        0x0 /home/kilian/github/campusiot/RIOT-wyres/tests/driver_sx127x/bin/wyres-base/shell/shell.o
                0x0000000008006e08                shell_commands_xfa_v2
 .roxfa.shell_commands_xfa_v2.5_0
                0x0000000008006e08        0xc /home/kilian/github/campusiot/RIOT-wyres/tests/driver_sx127x/bin/wyres-base/shell_cmds/pm.o
                0x0000000008006e08                _xfa_pm_cmd
 .roxfa.shell_commands_xfa_v2.5_0
                0x0000000008006e14        0xc /home/kilian/github/campusiot/RIOT-wyres/tests/driver_sx127x/bin/wyres-base/shell_cmds/ps.o
                0x0000000008006e14                _xfa_ps_cmd
 .roxfa.shell_commands_xfa_v2.5_0
                0x0000000008006e20       0x18 /home/kilian/github/campusiot/RIOT-wyres/tests/driver_sx127x/bin/wyres-base/shell_cmds/sys.o
                0x0000000008006e20                _xfa_version_cmd
                0x0000000008006e2c                _xfa_reboot_cmd
 .roxfa.shell_commands_xfa_v2.9_
                0x0000000008006e38        0x0 /home/kilian/github/campusiot/RIOT-wyres/tests/driver_sx127x/bin/wyres-base/shell/shell.o
                0x0000000008006e38                shell_commands_xfa_v2_end
 *(.ARM.extab* .gnu.linkonce.armextab.*)
                0x0000000008006e38                . = ALIGN (0x4)
 *(.init)
                0x0000000008006e38                . = ALIGN (0x4)
                0x0000000008006e38                __preinit_array_start = .
 *(.preinit_array)
                0x0000000008006e38                __preinit_array_end = .
                0x0000000008006e38                . = ALIGN (0x4)
                0x0000000008006e38                __init_array_start = .
 *(SORT_BY_NAME(.init_array.*))
 *(.init_array)
                0x0000000008006e38                __init_array_end = .
                0x0000000008006e38                . = ALIGN (0x4)
 *crtbegin.o(.ctors)
 *(EXCLUDE_FILE(*crtend.o) .ctors)
 *(SORT_BY_NAME(.ctors.*))
 *crtend.o(.ctors)
                0x0000000008006e38                . = ALIGN (0x4)
 *(.fini)
                0x0000000008006e38                . = ALIGN (0x4)
                0x0000000008006e38                __fini_array_start = .
 *(.fini_array)
 *(SORT_BY_NAME(.fini_array.*))
                0x0000000008006e38                __fini_array_end = .
 *crtbegin.o(.dtors)
 *(EXCLUDE_FILE(*crtend.o) .dtors)
 *(SORT_BY_NAME(.dtors.*))
 *crtend.o(.dtors)
                0x0000000008006e38                . = ALIGN (0x4)
                0x0000000008006e38                _efixed = .

.vfp11_veneer   0x0000000008006e38        0x0
 .vfp11_veneer  0x0000000008006e38        0x0 linker stubs

.v4_bx          0x0000000008006e38        0x0
 .v4_bx         0x0000000008006e38        0x0 linker stubs

.iplt           0x0000000008006e38        0x0
 .iplt          0x0000000008006e38        0x0 /home/kilian/github/campusiot/RIOT-wyres/tests/driver_sx127x/bin/wyres-base/application_test-driver-sx127x/main.o

.igot.plt       0x0000000008006e38        0x0
 .igot.plt      0x0000000008006e38        0x0 /home/kilian/github/campusiot/RIOT-wyres/tests/driver_sx127x/bin/wyres-base/application_test-driver-sx127x/main.o

.tdata          0x0000000008006e38        0x0
                0x0000000008006e38                __tdata_start = .
 *(.tdata .tdata.* .gnu.linkonce.td.*)
                0x0000000008006e38                __tdata_end = .
                0x0000000008006e38                __tdata_source = LOADADDR (.tdata)
                0x0000000000000000                __tdata_size = SIZEOF (.tdata)

.tbss           0x0000000008006e38        0x0
 *(.tbss .tbss.* .gnu.linkonce.tb.*)
 *(.tcommon)
                0x0000000008006e38                __tbss_end = .
                0x0000000000000000                __tls_size = (__tbss_end - __tdata_start)
                0x0000000000000000                __tbss_size = (__tls_size - __tdata_size)
                [!provide]                        PROVIDE (__tbss_offset = (ADDR (.tbss) - ADDR (.tdata)))
                [!provide]                        PROVIDE (__tls_align = MAX (ALIGNOF (.tdata), ALIGNOF (.tbss)))
                [!provide]                        PROVIDE (__arm32_tls_tcb_offset = MAX (0x8, __tls_align))
                [!provide]                        PROVIDE (__arm64_tls_tcb_offset = MAX (0x10, __tls_align))
                [!provide]                        PROVIDE (__exidx_start = .)

.ARM.exidx      0x0000000008006e38        0x8
 *(.ARM.exidx* .gnu.linkonce.armexidx.*)
 .ARM.exidx     0x0000000008006e38        0x8 /usr/lib/gcc/arm-none-eabi/10.3.1/thumb/v7-m/nofp/libgcc.a(_udivmoddi4.o)
                [!provide]                        PROVIDE (__exidx_end = .)

.rel.dyn        0x0000000008006e40        0x0
 .rel.iplt      0x0000000008006e40        0x0 /home/kilian/github/campusiot/RIOT-wyres/tests/driver_sx127x/bin/wyres-base/application_test-driver-sx127x/main.o
                0x0000000008006e40                . = ALIGN (0x4)

.eh_frame
 *(.eh_frame)
                0x0000000008006e40                . = ALIGN (0x4)
                0x0000000008006e40                _etext = .

.stack          0x0000000020000000      0x400
 *(.puf)
                0x0000000020000000                . = ALIGN (0x8)
                0x0000000020000000                _sstack = .
 *(.isr_stack)
 .isr_stack     0x0000000020000000      0x400 /home/kilian/github/campusiot/RIOT-wyres/tests/driver_sx127x/bin/wyres-base/cortexm_common/vectors_cortexm.o
                0x0000000020000000                isr_stack
                0x0000000020000400                . = ALIGN (0x8)
                0x0000000020000400                _estack = .

.relocate       0x0000000020000400       0xb0 load address 0x0000000008006e40
                0x0000000020000400                . = ALIGN (0x4)
                0x0000000020000400                _srelocate = .
 *(.ramfunc .ramfunc.*)
 *(.data .data.*)
 .data.heap_top
                0x0000000020000400        0x4 /home/kilian/github/campusiot/RIOT-wyres/tests/driver_sx127x/bin/wyres-base/newlib_syscalls_default/syscalls.o
 .data.pm_blocker
                0x0000000020000404        0x4 /home/kilian/github/campusiot/RIOT-wyres/tests/driver_sx127x/bin/wyres-base/pm_layered/pm.o
 .data.stdin_isrpipe
                0x0000000020000408       0x14 /home/kilian/github/campusiot/RIOT-wyres/tests/driver_sx127x/bin/wyres-base/stdio/stdio.o